Archive member included to satisfy reference by file (symbol)

F:\f1\AC6\workspace\project\read\read\STemWin\Lib/STemWin522_CM4_GCC.a(F6x8.o)
                              STemWin/Config/GUIConf.o (GUI_Font6x8)
F:\f1\AC6\workspace\project\read\read\STemWin\Lib/STemWin522_CM4_GCC.a(GUIDRV_FlexColor_Func66709.o)
                              STemWin/Config/LCDConf_FlexColor_Template.o (GUIDRV_FlexColor_SetFunc66709)
F:\f1\AC6\workspace\project\read\read\STemWin\Lib/STemWin522_CM4_GCC.a(GUIDRV_FlexColor_16bpp_C0B16.o)
                              STemWin/Config/LCDConf_FlexColor_Template.o (GUIDRV_FlexColor_SetMode16bppC0B16)
F:\f1\AC6\workspace\project\read\read\STemWin\Lib/STemWin522_CM4_GCC.a(GUIDRV_FlexColor.o)
                              F:\f1\AC6\workspace\project\read\read\STemWin\Lib/STemWin522_CM4_GCC.a(GUIDRV_FlexColor_16bpp_C0B16.o) (GUIDRV_FlexColor__SetPixelIndexNoCache)
F:\f1\AC6\workspace\project\read\read\STemWin\Lib/STemWin522_CM4_GCC.a(LCD_Set.o)
                              STemWin/Config/LCDConf_FlexColor_Template.o (LCD_SetVSizeEx)
F:\f1\AC6\workspace\project\read\read\STemWin\Lib/STemWin522_CM4_GCC.a(GUI__memset16.o)
                              F:\f1\AC6\workspace\project\read\read\STemWin\Lib/STemWin522_CM4_GCC.a(GUIDRV_FlexColor_16bpp_C0B16.o) (GUI__memset16)
F:\f1\AC6\workspace\project\read\read\STemWin\Lib/STemWin522_CM4_GCC.a(GUI__memset.o)
                              F:\f1\AC6\workspace\project\read\read\STemWin\Lib/STemWin522_CM4_GCC.a(GUIDRV_FlexColor.o) (GUI__memset)
F:\f1\AC6\workspace\project\read\read\STemWin\Lib/STemWin522_CM4_GCC.a(GUI_UC_EncodeUTF8.o)
                              Src/main.o (GUI_UC_SetEncodeUTF8)
F:\f1\AC6\workspace\project\read\read\STemWin\Lib/STemWin522_CM4_GCC.a(GUI_SetFont.o)
                              Src/main.o (GUI_SetFont)
F:\f1\AC6\workspace\project\read\read\STemWin\Lib/STemWin522_CM4_GCC.a(GUI_DispString.o)
                              Src/main.o (GUI_DispString)
F:\f1\AC6\workspace\project\read\read\STemWin\Lib/STemWin522_CM4_GCC.a(GUI_Device.o)
                              F:\f1\AC6\workspace\project\read\read\STemWin\Lib/STemWin522_CM4_GCC.a(LCD_Set.o) (GUI_DEVICE__GetpDriver)
F:\f1\AC6\workspace\project\read\read\STemWin\Lib/STemWin522_CM4_GCC.a(GUI_Core.o)
                              F:\f1\AC6\workspace\project\read\read\STemWin\Lib/STemWin522_CM4_GCC.a(GUI_Device.o) (GUI__apDevice)
F:\f1\AC6\workspace\project\read\read\STemWin\Lib/STemWin522_CM4_GCC.a(GUI_CharP.o)
                              font/xiudada.o (GUIPROP_DispChar)
F:\f1\AC6\workspace\project\read\read\STemWin\Lib/STemWin522_CM4_GCC.a(GUI_CharM.o)
                              F:\f1\AC6\workspace\project\read\read\STemWin\Lib/STemWin522_CM4_GCC.a(F6x8.o) (GUIMONO_DispChar)
F:\f1\AC6\workspace\project\read\read\STemWin\Lib/STemWin522_CM4_GCC.a(GUI_CharLine.o)
                              F:\f1\AC6\workspace\project\read\read\STemWin\Lib/STemWin522_CM4_GCC.a(GUI_DispString.o) (GUI__GetLineNumChars)
F:\f1\AC6\workspace\project\read\read\STemWin\Lib/STemWin522_CM4_GCC.a(GUI_Char.o)
                              F:\f1\AC6\workspace\project\read\read\STemWin\Lib/STemWin522_CM4_GCC.a(GUI_DispString.o) (GUI_GetYAdjust)
F:\f1\AC6\workspace\project\read\read\STemWin\Lib/STemWin522_CM4_GCC.a(GUI_Alloc.o)
                              F:\f1\AC6\workspace\project\read\read\STemWin\Lib/STemWin522_CM4_GCC.a(GUI_Device.o) (GUI_ALLOC_FreeFixedBlock)
F:\f1\AC6\workspace\project\read\read\STemWin\Lib/STemWin522_CM4_GCC.a(GUICC_565.o)
                              STemWin/Config/LCDConf_FlexColor_Template.o (LCD_API_ColorConv_565)
F:\f1\AC6\workspace\project\read\read\STemWin\Lib/STemWin522_CM4_GCC.a(WM_GetDesktopWindow.o)
                              F:\f1\AC6\workspace\project\read\read\STemWin\Lib/STemWin522_CM4_GCC.a(GUI_Core.o) (WM_GetDesktopWindow)
F:\f1\AC6\workspace\project\read\read\STemWin\Lib/STemWin522_CM4_GCC.a(WM.o)
                              F:\f1\AC6\workspace\project\read\read\STemWin\Lib/STemWin522_CM4_GCC.a(WM_GetDesktopWindow.o) (WM__ahDesktopWin)
F:\f1\AC6\workspace\project\read\read\STemWin\Lib/STemWin522_CM4_GCC.a(GUIDEV_StaticDevices.o)
                              F:\f1\AC6\workspace\project\read\read\STemWin\Lib/STemWin522_CM4_GCC.a(WM.o) (GUI_MEMDEV_Paint1Static)
F:\f1\AC6\workspace\project\read\read\STemWin\Lib/STemWin522_CM4_GCC.a(GUIDEV_SetOrg.o)
                              F:\f1\AC6\workspace\project\read\read\STemWin\Lib/STemWin522_CM4_GCC.a(GUIDEV_StaticDevices.o) (GUI_MEMDEV_SetOrg)
F:\f1\AC6\workspace\project\read\read\STemWin\Lib/STemWin522_CM4_GCC.a(GUIDEV_GetYSize.o)
                              F:\f1\AC6\workspace\project\read\read\STemWin\Lib/STemWin522_CM4_GCC.a(GUIDEV_StaticDevices.o) (GUI_MEMDEV_GetYSize)
F:\f1\AC6\workspace\project\read\read\STemWin\Lib/STemWin522_CM4_GCC.a(GUIDEV_GetXSize.o)
[...]
Memory Configuration

Name             Origin             Length             Attributes
RAM              0x20000000         0x00018000         xrw
RAM2             0x10000000         0x00008000         xrw
FLASH            0x08000000         0x00100000         xr
*default*        0x00000000         0xffffffff

Linker script and memory map

LOAD f:/f1/ac6/install/plugins/fr.ac6.mcu.externaltools.arm-none.win32_1.7.0.201602121829/tools/compiler/bin/../lib/gcc/arm-none-eabi/5.2.1/armv7e-m/fpu/crti.o
LOAD f:/f1/ac6/install/plugins/fr.ac6.mcu.externaltools.arm-none.win32_1.7.0.201602121829/tools/compiler/bin/../lib/gcc/arm-none-eabi/5.2.1/armv7e-m/fpu/crtbegin.o
LOAD f:/f1/ac6/install/plugins/fr.ac6.mcu.externaltools.arm-none.win32_1.7.0.201602121829/tools/compiler/bin/../lib/gcc/arm-none-eabi/5.2.1/../../../../arm-none-eabi/lib/armv7e-m/fpu/crt0.o
LOAD f:/f1/ac6/install/plugins/fr.ac6.mcu.externaltools.arm-none.win32_1.7.0.201602121829/tools/compiler/bin/../lib/gcc/arm-none-eabi/5.2.1/../../../../arm-none-eabi/lib/armv7e-m/fpu\libm.a
LOAD Drivers/STM32L4xx_HAL_Driver/Src/stm32l4xx_hal.o
LOAD Drivers/STM32L4xx_HAL_Driver/Src/stm32l4xx_hal_cortex.o
LOAD Drivers/STM32L4xx_HAL_Driver/Src/stm32l4xx_hal_crc.o
LOAD Drivers/STM32L4xx_HAL_Driver/Src/stm32l4xx_hal_crc_ex.o
LOAD Drivers/STM32L4xx_HAL_Driver/Src/stm32l4xx_hal_dma.o
LOAD Drivers/STM32L4xx_HAL_Driver/Src/stm32l4xx_hal_flash.o
LOAD Drivers/STM32L4xx_HAL_Driver/Src/stm32l4xx_hal_flash_ex.o
LOAD Drivers/STM32L4xx_HAL_Driver/Src/stm32l4xx_hal_flash_ramfunc.o
LOAD Drivers/STM32L4xx_HAL_Driver/Src/stm32l4xx_hal_gpio.o
LOAD Drivers/STM32L4xx_HAL_Driver/Src/stm32l4xx_hal_i2c.o
LOAD Drivers/STM32L4xx_HAL_Driver/Src/stm32l4xx_hal_i2c_ex.o
LOAD Drivers/STM32L4xx_HAL_Driver/Src/stm32l4xx_hal_pwr.o
LOAD Drivers/STM32L4xx_HAL_Driver/Src/stm32l4xx_hal_pwr_ex.o
LOAD Drivers/STM32L4xx_HAL_Driver/Src/stm32l4xx_hal_rcc.o
LOAD Drivers/STM32L4xx_HAL_Driver/Src/stm32l4xx_hal_rcc_ex.o
LOAD Drivers/STM32L4xx_HAL_Driver/Src/stm32l4xx_hal_sram.o
LOAD Drivers/STM32L4xx_HAL_Driver/Src/stm32l4xx_hal_tim.o
LOAD Drivers/STM32L4xx_HAL_Driver/Src/stm32l4xx_hal_tim_ex.o
LOAD Drivers/STM32L4xx_HAL_Driver/Src/stm32l4xx_hal_uart.o
LOAD Drivers/STM32L4xx_HAL_Driver/Src/stm32l4xx_hal_uart_ex.o
LOAD Drivers/STM32L4xx_HAL_Driver/Src/stm32l4xx_ll_fmc.o
LOAD STemWin/Config/GUIConf.o
LOAD STemWin/Config/GUI_X.o
LOAD STemWin/Config/LCDConf_FlexColor_Template.o
LOAD Src/main.o
LOAD Src/stm32l4xx_hal_msp.o
LOAD Src/stm32l4xx_it.o
LOAD Src/system_stm32l4xx.o
LOAD font/xiudada.o
LOAD lcd/ili9341.o
LOAD startup/startup_stm32l476xx.o
LOAD F:\f1\AC6\workspace\project\read\read\STemWin\Lib/STemWin522_CM4_GCC.a
START GROUP
LOAD f:/f1/ac6/install/plugins/fr.ac6.mcu.externaltools.arm-none.win32_1.7.0.201602121829/tools/compiler/bin/../lib/gcc/arm-none-eabi/5.2.1/armv7e-m/fpu\libgcc.a
LOAD f:/f1/ac6/install/plugins/fr.ac6.mcu.externaltools.arm-none.win32_1.7.0.201602121829/tools/compiler/bin/../lib/gcc/arm-none-eabi/5.2.1/../../../../arm-none-eabi/lib/armv7e-m/fpu\libc_nano.a
END GROUP
START GROUP
LOAD f:/f1/ac6/install/plugins/fr.ac6.mcu.externaltools.arm-none.win32_1.7.0.201602121829/tools/compiler/bin/../lib/gcc/arm-none-eabi/5.2.1/armv7e-m/fpu\libgcc.a
LOAD f:/f1/ac6/install/plugins/fr.ac6.mcu.externaltools.arm-none.win32_1.7.0.201602121829/tools/compiler/bin/../lib/gcc/arm-none-eabi/5.2.1/../../../../arm-none-eabi/lib/armv7e-m/fpu\libc_nano.a
LOAD f:/f1/ac6/install/plugins/fr.ac6.mcu.externaltools.arm-none.win32_1.7.0.201602121829/tools/compiler/bin/../lib/gcc/arm-none-eabi/5.2.1/../../../../arm-none-eabi/lib/armv7e-m/fpu\libnosys.a
END GROUP
START GROUP
LOAD f:/f1/ac6/install/plugins/fr.ac6.mcu.externaltools.arm-none.win32_1.7.0.201602121829/tools/compiler/bin/../lib/gcc/arm-none-eabi/5.2.1/armv7e-m/fpu\libgcc.a
LOAD f:/f1/ac6/install/plugins/fr.ac6.mcu.externaltools.arm-none.win32_1.7.0.201602121829/tools/compiler/bin/../lib/gcc/arm-none-eabi/5.2.1/../../../../arm-none-eabi/lib/armv7e-m/fpu\libc_nano.a
LOAD f:/f1/ac6/install/plugins/fr.ac6.mcu.externaltools.arm-none.win32_1.7.0.201602121829/tools/compiler/bin/../lib/gcc/arm-none-eabi/5.2.1/../../../../arm-none-eabi/lib/armv7e-m/fpu\libnosys.a
END GROUP
LOAD f:/f1/ac6/install/plugins/fr.ac6.mcu.externaltools.arm-none.win32_1.7.0.201602121829/tools/compiler/bin/../lib/gcc/arm-none-eabi/5.2.1/armv7e-m/fpu/crtend.o
LOAD f:/f1/ac6/install/plugins/fr.ac6.mcu.externaltools.arm-none.win32_1.7.0.201602121829/tools/compiler/bin/../lib/gcc/arm-none-eabi/5.2.1/armv7e-m/fpu/crtn.o
                0x20018000                _estack = 0x20018000
                0x00000200                _Min_Heap_Size = 0x200
                0x00000400                _Min_Stack_Size = 0x400

.isr_vector     0x08000000      0x188
                0x08000000                . = ALIGN (0x8)
 *(.isr_vector)
 .isr_vector    0x08000000      0x188 startup/startup_stm32l476xx.o
                0x08000000                g_pfnVectors
                0x08000188                . = ALIGN (0x8)

.text           0x08000190     0x89e8
                0x08000190                . = ALIGN (0x8)
 *(.text)
 .text          0x08000190       0xa4 f:/f1/ac6/install/plugins/fr.ac6.mcu.externaltools.arm-none.win32_1.7.0.201602121829/tools/compiler/bin/../lib/gcc/arm-none-eabi/5.2.1/armv7e-m/fpu/crtbegin.o
 .text          0x08000234       0x30 f:/f1/ac6/install/plugins/fr.ac6.mcu.externaltools.arm-none.win32_1.7.0.201602121829/tools/compiler/bin/../lib/gcc/arm-none-eabi/5.2.1/armv7e-m/fpu\libgcc.a(_aeabi_uldivmod.o)
                0x08000234                __aeabi_uldivmod
 .text          0x08000264      0x2e4 f:/f1/ac6/install/plugins/fr.ac6.mcu.externaltools.arm-none.win32_1.7.0.201602121829/tools/compiler/bin/../lib/gcc/arm-none-eabi/5.2.1/armv7e-m/fpu\libgcc.a(_udivmoddi4.o)
                0x08000264                __udivmoddi4
 .text          0x08000548        0x4 f:/f1/ac6/install/plugins/fr.ac6.mcu.externaltools.arm-none.win32_1.7.0.201602121829/tools/compiler/bin/../lib/gcc/arm-none-eabi/5.2.1/armv7e-m/fpu\libgcc.a(_dvmd_tls.o)
                0x08000548                __aeabi_idiv0
                0x08000548                __aeabi_ldiv0
 *fill*         0x0800054c        0x4 
 .text          0x08000550       0xa0 f:/f1/ac6/install/plugins/fr.ac6.mcu.externaltools.arm-none.win32_1.7.0.201602121829/tools/compiler/bin/../lib/gcc/arm-none-eabi/5.2.1/../../../../arm-none-eabi/lib/armv7e-m/fpu\libc_nano.a(lib_a-memchr.o)
                0x08000550                memchr
 *(.text*)
 .text.HAL_InitTick
                0x080005f0       0x2c Drivers/STM32L4xx_HAL_Driver/Src/stm32l4xx_hal.o
                0x080005f0                HAL_InitTick
 .text.HAL_Init
                0x0800061c       0x18 Drivers/STM32L4xx_HAL_Driver/Src/stm32l4xx_hal.o
                0x0800061c                HAL_Init
 .text.HAL_IncTick
                0x08000634       0x10 Drivers/STM32L4xx_HAL_Driver/Src/stm32l4xx_hal.o
                0x08000634                HAL_IncTick
 .text.HAL_GetTick
                0x08000644        0xc Drivers/STM32L4xx_HAL_Driver/Src/stm32l4xx_hal.o
                0x08000644                HAL_GetTick
 .text.HAL_Delay
                0x08000650       0x20 Drivers/STM32L4xx_HAL_Driver/Src/stm32l4xx_hal.o
                0x08000650                HAL_Delay
 .text.HAL_NVIC_SetPriorityGrouping
                0x08000670       0x24 Drivers/STM32L4xx_HAL_Driver/Src/stm32l4xx_hal_cortex.o
                0x08000670                HAL_NVIC_SetPriorityGrouping
 .text.HAL_NVIC_SetPriority
                0x08000694       0x64 Drivers/STM32L4xx_HAL_Driver/Src/stm32l4xx_hal_cortex.o
                0x08000694                HAL_NVIC_SetPriority
 .text.HAL_SYSTICK_Config
                0x080006f8       0x2c Drivers/STM32L4xx_HAL_Driver/Src/stm32l4xx_hal_cortex.o
                0x080006f8                HAL_SYSTICK_Config
 .text.HAL_SYSTICK_CLKSourceConfig
                0x08000724       0x20 Drivers/STM32L4xx_HAL_Driver/Src/stm32l4xx_hal_cortex.o
                0x08000724                HAL_SYSTICK_CLKSourceConfig
 .text.HAL_SYSTICK_Callback
                0x08000744        0x4 Drivers/STM32L4xx_HAL_Driver/Src/stm32l4xx_hal_cortex.o
                0x08000744                HAL_SYSTICK_Callback
 .text.HAL_SYSTICK_IRQHandler
                0x08000748        0x8 Drivers/STM32L4xx_HAL_Driver/Src/stm32l4xx_hal_cortex.o
                0x08000748                HAL_SYSTICK_IRQHandler
 .text.HAL_CRC_Init
                0x08000750       0x84 Drivers/STM32L4xx_HAL_Driver/Src/stm32l4xx_hal_crc.o
                0x08000750                HAL_CRC_Init
 .text.HAL_CRCEx_Polynomial_Set
                0x080007d4       0x5c Drivers/STM32L4xx_HAL_Driver/Src/stm32l4xx_hal_crc_ex.o
                0x080007d4                HAL_CRCEx_Polynomial_Set
 .text.HAL_GPIO_Init
                0x08000830      0x1cc Drivers/STM32L4xx_HAL_Driver/Src/stm32l4xx_hal_gpio.o
                0x08000830                HAL_GPIO_Init
 .text.HAL_GPIO_WritePin
                0x080009fc        0xc Drivers/STM32L4xx_HAL_Driver/Src/stm32l4xx_hal_gpio.o
                0x080009fc                HAL_GPIO_WritePin
 .text.HAL_PWREx_GetVoltageRange
                0x08000a08       0x10 Drivers/STM32L4xx_HAL_Driver/Src/stm32l4xx_hal_pwr_ex.o
                0x08000a08                HAL_PWREx_GetVoltageRange
 .text.HAL_PWREx_ControlVoltageScaling
                0x08000a18       0x90 Drivers/STM32L4xx_HAL_Driver/Src/stm32l4xx_hal_pwr_ex.o
                0x08000a18                HAL_PWREx_ControlVoltageScaling
 .text.RCC_SetFlashLatencyFromMSIRange
                0x08000aa8       0x90 Drivers/STM32L4xx_HAL_Driver/Src/stm32l4xx_hal_rcc.o
 .text.HAL_RCC_GetSysClockFreq
                0x08000b38      0x174 Drivers/STM32L4xx_HAL_Driver/Src/stm32l4xx_hal_rcc.o
                0x08000b38                HAL_RCC_GetSysClockFreq
 .text.HAL_RCC_OscConfig
                0x08000cac      0x5c0 Drivers/STM32L4xx_HAL_Driver/Src/stm32l4xx_hal_rcc.o
                0x08000cac                HAL_RCC_OscConfig
 .text.HAL_RCC_ClockConfig
                0x0800126c      0x1cc Drivers/STM32L4xx_HAL_Driver/Src/stm32l4xx_hal_rcc.o
                0x0800126c                HAL_RCC_ClockConfig
 .text.HAL_RCC_GetHCLKFreq
                0x08001438        0xc Drivers/STM32L4xx_HAL_Driver/Src/stm32l4xx_hal_rcc.o
                0x08001438                HAL_RCC_GetHCLKFreq
 .text.HAL_RCC_GetPCLK1Freq
                0x08001444       0x30 Drivers/STM32L4xx_HAL_Driver/Src/stm32l4xx_hal_rcc.o
                0x08001444                HAL_RCC_GetPCLK1Freq
 .text.HAL_RCC_GetPCLK2Freq
                0x08001474       0x30 Drivers/STM32L4xx_HAL_Driver/Src/stm32l4xx_hal_rcc.o
                0x08001474                HAL_RCC_GetPCLK2Freq
 .text.RCCEx_PLLSAI1_Config
                0x080014a4      0x1f8 Drivers/STM32L4xx_HAL_Driver/Src/stm32l4xx_hal_rcc_ex.o
 .text.RCCEx_PLLSAI2_Config
                0x0800169c      0x1b8 Drivers/STM32L4xx_HAL_Driver/Src/stm32l4xx_hal_rcc_ex.o
 .text.HAL_RCCEx_PeriphCLKConfig
                0x08001854      0x438 Drivers/STM32L4xx_HAL_Driver/Src/stm32l4xx_hal_rcc_ex.o
                0x08001854                HAL_RCCEx_PeriphCLKConfig
 .text.HAL_SRAM_Init
                0x08001c8c       0x58 Drivers/STM32L4xx_HAL_Driver/Src/stm32l4xx_hal_sram.o
                0x08001c8c                HAL_SRAM_Init
 .text.UART_SetConfig
                0x08001ce4      0x3e4 Drivers/STM32L4xx_HAL_Driver/Src/stm32l4xx_hal_uart.o
                0x08001ce4                UART_SetConfig
 .text.UART_AdvFeatureConfig
                0x080020c8       0xc8 Drivers/STM32L4xx_HAL_Driver/Src/stm32l4xx_hal_uart.o
                0x080020c8                UART_AdvFeatureConfig
 .text.UART_WaitOnFlagUntilTimeout
                0x08002190       0x68 Drivers/STM32L4xx_HAL_Driver/Src/stm32l4xx_hal_uart.o
                0x08002190                UART_WaitOnFlagUntilTimeout
 .text.UART_CheckIdleState
                0x080021f8       0x6c Drivers/STM32L4xx_HAL_Driver/Src/stm32l4xx_hal_uart.o
                0x080021f8                UART_CheckIdleState
 .text.HAL_UART_Init
                0x08002264       0x6c Drivers/STM32L4xx_HAL_Driver/Src/stm32l4xx_hal_uart.o
                0x08002264                HAL_UART_Init
 .text.FMC_NORSRAM_Init
                0x080022d0       0xbc Drivers/STM32L4xx_HAL_Driver/Src/stm32l4xx_ll_fmc.o
                0x080022d0                FMC_NORSRAM_Init
 .text.FMC_NORSRAM_Timing_Init
                0x0800238c       0xc0 Drivers/STM32L4xx_HAL_Driver/Src/stm32l4xx_ll_fmc.o
                0x0800238c                FMC_NORSRAM_Timing_Init
 .text.FMC_NORSRAM_Extended_Timing_Init
                0x0800244c       0x6c Drivers/STM32L4xx_HAL_Driver/Src/stm32l4xx_ll_fmc.o
                0x0800244c                FMC_NORSRAM_Extended_Timing_Init
 .text.GUI_X_Config
                0x080024b8       0x1c STemWin/Config/GUIConf.o
                0x080024b8                GUI_X_Config
 .text.GUI_X_Init
                0x080024d4        0x4 STemWin/Config/GUI_X.o
                0x080024d4                GUI_X_Init
 .text.LcdWriteReg
                0x080024d8        0x8 STemWin/Config/LCDConf_FlexColor_Template.o
 .text.LcdWriteData
                0x080024e0        0xc STemWin/Config/LCDConf_FlexColor_Template.o
 .text.LcdWriteDataMultiple
                0x080024ec       0x18 STemWin/Config/LCDConf_FlexColor_Template.o
 .text.LcdReadDataMultiple
                0x08002504       0x1c STemWin/Config/LCDConf_FlexColor_Template.o
 .text.LCD_X_Config
                0x08002520       0x8c STemWin/Config/LCDConf_FlexColor_Template.o
                0x08002520                LCD_X_Config
 .text.LCD_X_DisplayDriver
                0x080025ac       0x10 STemWin/Config/LCDConf_FlexColor_Template.o
                0x080025ac                LCD_X_DisplayDriver
 .text.MX_GPIO_Init
                0x080025bc       0xec Src/main.o
 .text.Error_Handler
                0x080026a8        0x4 Src/main.o
                0x080026a8                Error_Handler
 .text.MX_CRC_Init
                0x080026ac       0x2c Src/main.o
 .text.MX_FMC_Init
                0x080026d8       0x60 Src/main.o
 .text.MX_UART4_Init
                0x08002738       0x38 Src/main.o
 .text.SystemClock_Config
                0x08002770       0xa0 Src/main.o
                0x08002770                SystemClock_Config
 .text.main     0x08002810       0x74 Src/main.o
                0x08002810                main
 .text.HAL_FMC_MspInit
                0x08002884       0x70 Src/stm32l4xx_hal_msp.o
 .text.HAL_MspInit
                0x080028f4       0x90 Src/stm32l4xx_hal_msp.o
                0x080028f4                HAL_MspInit
 .text.HAL_CRC_MspInit
                0x08002984       0x28 Src/stm32l4xx_hal_msp.o
                0x08002984                HAL_CRC_MspInit
 .text.HAL_UART_MspInit
                0x080029ac       0x64 Src/stm32l4xx_hal_msp.o
                0x080029ac                HAL_UART_MspInit
 .text.HAL_SRAM_MspInit
                0x08002a10        0x8 Src/stm32l4xx_hal_msp.o
                0x08002a10                HAL_SRAM_MspInit
 .text.NMI_Handler
                0x08002a18        0x4 Src/stm32l4xx_it.o
                0x08002a18                NMI_Handler
 .text.HardFault_Handler
                0x08002a1c        0x4 Src/stm32l4xx_it.o
                0x08002a1c                HardFault_Handler
 .text.MemManage_Handler
                0x08002a20        0x4 Src/stm32l4xx_it.o
                0x08002a20                MemManage_Handler
 .text.BusFault_Handler
                0x08002a24        0x4 Src/stm32l4xx_it.o
                0x08002a24                BusFault_Handler
 .text.UsageFault_Handler
                0x08002a28        0x4 Src/stm32l4xx_it.o
                0x08002a28                UsageFault_Handler
 .text.SVC_Handler
                0x08002a2c        0x4 Src/stm32l4xx_it.o
                0x08002a2c                SVC_Handler
 .text.DebugMon_Handler
                0x08002a30        0x4 Src/stm32l4xx_it.o
                0x08002a30                DebugMon_Handler
 .text.PendSV_Handler
                0x08002a34        0x4 Src/stm32l4xx_it.o
                0x08002a34                PendSV_Handler
 .text.SysTick_Handler
                0x08002a38        0xc Src/stm32l4xx_it.o
                0x08002a38                SysTick_Handler
 .text.SystemInit
                0x08002a44       0x48 Src/system_stm32l4xx.o
                0x08002a44                SystemInit
 .text.LCD_Rst  0x08002a8c       0x24 lcd/ili9341.o
                0x08002a8c                LCD_Rst
 .text.LCD_REG_Config
                0x08002ab0       0x70 lcd/ili9341.o
                0x08002ab0                LCD_REG_Config
 .text.LCD_Init
                0x08002b20        0xc lcd/ili9341.o
                0x08002b20                LCD_Init
 .text.LCD_RD_data
                0x08002b2c       0x24 lcd/ili9341.o
                0x08002b2c                LCD_RD_data
 .text.Reset_Handler
                0x08002b50       0x50 startup/startup_stm32l476xx.o
                0x08002b50                Reset_Handler
 .text.Default_Handler
                0x08002ba0        0x2 startup/startup_stm32l476xx.o
                0x08002ba0                RTC_Alarm_IRQHandler
                0x08002ba0                EXTI2_IRQHandler
                0x08002ba0                TIM8_TRG_COM_IRQHandler
                0x08002ba0                TIM8_CC_IRQHandler
                0x08002ba0                TIM1_CC_IRQHandler
                0x08002ba0                TSC_IRQHandler
                0x08002ba0                TAMP_STAMP_IRQHandler
                0x08002ba0                EXTI3_IRQHandler
                0x08002ba0                LPTIM2_IRQHandler
                0x08002ba0                DFSDM1_FLT1_IRQHandler
                0x08002ba0                I2C3_ER_IRQHandler
                0x08002ba0                DFSDM1_FLT2_IRQHandler
                0x08002ba0                EXTI0_IRQHandler
                0x08002ba0                I2C2_EV_IRQHandler
                0x08002ba0                CAN1_RX0_IRQHandler
                0x08002ba0                FPU_IRQHandler
                0x08002ba0                TIM1_UP_TIM16_IRQHandler
                0x08002ba0                ADC1_2_IRQHandler
                0x08002ba0                SPI1_IRQHandler
                0x08002ba0                TIM6_DAC_IRQHandler
                0x08002ba0                TIM8_UP_IRQHandler
                0x08002ba0                DMA2_Channel2_IRQHandler
                0x08002ba0                DMA1_Channel4_IRQHandler
                0x08002ba0                SAI2_IRQHandler
                0x08002ba0                DFSDM1_FLT3_IRQHandler
                0x08002ba0                USART3_IRQHandler
                0x08002ba0                DMA1_Channel7_IRQHandler
                0x08002ba0                CAN1_RX1_IRQHandler
                0x08002ba0                LCD_IRQHandler
                0x08002ba0                UART5_IRQHandler
                0x08002ba0                ADC3_IRQHandler
                0x08002ba0                TIM4_IRQHandler
                0x08002ba0                DMA2_Channel1_IRQHandler
                0x08002ba0                QUADSPI_IRQHandler
                0x08002ba0                I2C1_EV_IRQHandler
                0x08002ba0                DMA1_Channel6_IRQHandler
                0x08002ba0                UART4_IRQHandler
                0x08002ba0                DMA2_Channel4_IRQHandler
                0x08002ba0                TIM3_IRQHandler
                0x08002ba0                RCC_IRQHandler
                0x08002ba0                DMA1_Channel1_IRQHandler
                0x08002ba0                Default_Handler
                0x08002ba0                DMA2_Channel7_IRQHandler
                0x08002ba0                EXTI15_10_IRQHandler
                0x08002ba0                TIM7_IRQHandler
                0x08002ba0                SDMMC1_IRQHandler
                0x08002ba0                TIM5_IRQHandler
                0x08002ba0                I2C3_EV_IRQHandler
                0x08002ba0                EXTI9_5_IRQHandler
                0x08002ba0                RTC_WKUP_IRQHandler
                0x08002ba0                PVD_PVM_IRQHandler
                0x08002ba0                SPI2_IRQHandler
                0x08002ba0                CAN1_TX_IRQHandler
                0x08002ba0                DMA2_Channel5_IRQHandler
                0x08002ba0                DMA1_Channel5_IRQHandler
                0x08002ba0                EXTI4_IRQHandler
                0x08002ba0                RNG_IRQHandler
                0x08002ba0                TIM1_TRG_COM_TIM17_IRQHandler
                0x08002ba0                DMA1_Channel3_IRQHandler
                0x08002ba0                COMP_IRQHandler
                0x08002ba0                WWDG_IRQHandler
                0x08002ba0                LPUART1_IRQHandler
                0x08002ba0                DMA2_Channel6_IRQHandler
                0x08002ba0                TIM2_IRQHandler
                0x08002ba0                EXTI1_IRQHandler
                0x08002ba0                USART2_IRQHandler
                0x08002ba0                DFSDM1_FLT0_IRQHandler
                0x08002ba0                I2C2_ER_IRQHandler
                0x08002ba0                DMA1_Channel2_IRQHandler
                0x08002ba0                TIM8_BRK_IRQHandler
                0x08002ba0                CAN1_SCE_IRQHandler
                0x08002ba0                FLASH_IRQHandler
                0x08002ba0                USART1_IRQHandler
                0x08002ba0                OTG_FS_IRQHandler
                0x08002ba0                SPI3_IRQHandler
                0x08002ba0                I2C1_ER_IRQHandler
                0x08002ba0                FMC_IRQHandler
                0x08002ba0                SWPMI1_IRQHandler
                0x08002ba0                LPTIM1_IRQHandler
                0x08002ba0                SAI1_IRQHandler
                0x08002ba0                DMA2_Channel3_IRQHandler
                0x08002ba0                TIM1_BRK_TIM15_IRQHandler
 .text._SetPhysRAMAddr
                0x08002ba2       0xa2 F:\f1\AC6\workspace\project\read\read\STemWin\Lib/STemWin522_CM4_GCC.a(GUIDRV_FlexColor_Func66709.o)
 .text._SetRect
                0x08002c44       0xaa F:\f1\AC6\workspace\project\read\read\STemWin\Lib/STemWin522_CM4_GCC.a(GUIDRV_FlexColor_Func66709.o)
 *fill*         0x08002cee        0x2 
 .text._SetOrientation
                0x08002cf0       0x3c F:\f1\AC6\workspace\project\read\read\STemWin\Lib/STemWin522_CM4_GCC.a(GUIDRV_FlexColor_Func66709.o)
 .text._ReadPixel_16bpp_B8
                0x08002d2c       0x36 F:\f1\AC6\workspace\project\read\read\STemWin\Lib/STemWin522_CM4_GCC.a(GUIDRV_FlexColor_Func66709.o)
 .text._ReadPixel_16bpp_B16_I
                0x08002d62       0x3e F:\f1\AC6\workspace\project\read\read\STemWin\Lib/STemWin522_CM4_GCC.a(GUIDRV_FlexColor_Func66709.o)
 .text._SetReg_B8
                0x08002da0       0x18 F:\f1\AC6\workspace\project\read\read\STemWin\Lib/STemWin522_CM4_GCC.a(GUIDRV_FlexColor_Func66709.o)
 .text._SetReg_B16
                0x08002db8        0xc F:\f1\AC6\workspace\project\read\read\STemWin\Lib/STemWin522_CM4_GCC.a(GUIDRV_FlexColor_Func66709.o)
 .text._WritePara_B8
                0x08002dc4        0xc F:\f1\AC6\workspace\project\read\read\STemWin\Lib/STemWin522_CM4_GCC.a(GUIDRV_FlexColor_Func66709.o)
 .text._WritePara_B16
                0x08002dd0        0xc F:\f1\AC6\workspace\project\read\read\STemWin\Lib/STemWin522_CM4_GCC.a(GUIDRV_FlexColor_Func66709.o)
 .text._SetInterface
                0x08002ddc       0x30 F:\f1\AC6\workspace\project\read\read\STemWin\Lib/STemWin522_CM4_GCC.a(GUIDRV_FlexColor_Func66709.o)
 .text._ReadRect_16bpp_B16_I
                0x08002e0c       0x62 F:\f1\AC6\workspace\project\read\read\STemWin\Lib/STemWin522_CM4_GCC.a(GUIDRV_FlexColor_Func66709.o)
 .text._ReadRect_16bpp_B8
                0x08002e6e       0x60 F:\f1\AC6\workspace\project\read\read\STemWin\Lib/STemWin522_CM4_GCC.a(GUIDRV_FlexColor_Func66709.o)
 *fill*         0x08002ece        0x2 
 .text.GUIDRV_FlexColor_SetFunc66709
                0x08002ed0       0x74 F:\f1\AC6\workspace\project\read\read\STemWin\Lib/STemWin522_CM4_GCC.a(GUIDRV_FlexColor_Func66709.o)
                0x08002ed0                GUIDRV_FlexColor_SetFunc66709
 .text._ReadData
                0x08002f44        0xa F:\f1\AC6\workspace\project\read\read\STemWin\Lib/STemWin522_CM4_GCC.a(GUIDRV_FlexColor_16bpp_C0B16.o)
 .text._WriteData
                0x08002f4e        0xc F:\f1\AC6\workspace\project\read\read\STemWin\Lib/STemWin522_CM4_GCC.a(GUIDRV_FlexColor_16bpp_C0B16.o)
 *fill*         0x08002f5a        0x2 
 .text._DrawBitmap
                0x08002f5c      0x524 F:\f1\AC6\workspace\project\read\read\STemWin\Lib/STemWin522_CM4_GCC.a(GUIDRV_FlexColor_16bpp_C0B16.o)
 .text._FillRect
                0x08003480       0xec F:\f1\AC6\workspace\project\read\read\STemWin\Lib/STemWin522_CM4_GCC.a(GUIDRV_FlexColor_16bpp_C0B16.o)
 .text.GUIDRV_FlexColor_SetMode16bppC0B16
                0x0800356c       0x68 F:\f1\AC6\workspace\project\read\read\STemWin\Lib/STemWin522_CM4_GCC.a(GUIDRV_FlexColor_16bpp_C0B16.o)
                0x0800356c                GUIDRV_FlexColor_SetMode16bppC0B16
 .text._Log2PhysX_X0Y0S0
                0x080035d4        0x4 F:\f1\AC6\workspace\project\read\read\STemWin\Lib/STemWin522_CM4_GCC.a(GUIDRV_FlexColor.o)
 .text._Log2PhysX_X1Y0S0
                0x080035d8        0x8 F:\f1\AC6\workspace\project\read\read\STemWin\Lib/STemWin522_CM4_GCC.a(GUIDRV_FlexColor.o)
 .text._Log2PhysX_X0Y1S0
                0x080035e0        0x4 F:\f1\AC6\workspace\project\read\read\STemWin\Lib/STemWin522_CM4_GCC.a(GUIDRV_FlexColor.o)
 .text._Log2PhysX_X1Y1S0
                0x080035e4        0x8 F:\f1\AC6\workspace\project\read\read\STemWin\Lib/STemWin522_CM4_GCC.a(GUIDRV_FlexColor.o)
 .text._Log2PhysX_X0Y0S1
                0x080035ec        0x4 F:\f1\AC6\workspace\project\read\read\STemWin\Lib/STemWin522_CM4_GCC.a(GUIDRV_FlexColor.o)
 .text._Log2PhysX_X1Y0S1
                0x080035f0        0x8 F:\f1\AC6\workspace\project\read\read\STemWin\Lib/STemWin522_CM4_GCC.a(GUIDRV_FlexColor.o)
 .text._Log2PhysX_X0Y1S1
                0x080035f8        0x4 F:\f1\AC6\workspace\project\read\read\STemWin\Lib/STemWin522_CM4_GCC.a(GUIDRV_FlexColor.o)
 .text._Log2PhysX_X1Y1S1
                0x080035fc        0x8 F:\f1\AC6\workspace\project\read\read\STemWin\Lib/STemWin522_CM4_GCC.a(GUIDRV_FlexColor.o)
 .text._Log2PhysY_X0Y0S0
                0x08003604        0x4 F:\f1\AC6\workspace\project\read\read\STemWin\Lib/STemWin522_CM4_GCC.a(GUIDRV_FlexColor.o)
 .text._Log2PhysY_X1Y0S0
                0x08003608        0x4 F:\f1\AC6\workspace\project\read\read\STemWin\Lib/STemWin522_CM4_GCC.a(GUIDRV_FlexColor.o)
 .text._Log2PhysY_X0Y1S0
                0x0800360c        0x8 F:\f1\AC6\workspace\project\read\read\STemWin\Lib/STemWin522_CM4_GCC.a(GUIDRV_FlexColor.o)
 .text._Log2PhysY_X1Y1S0
                0x08003614        0x8 F:\f1\AC6\workspace\project\read\read\STemWin\Lib/STemWin522_CM4_GCC.a(GUIDRV_FlexColor.o)
 .text._Log2PhysY_X0Y0S1
                0x0800361c        0x4 F:\f1\AC6\workspace\project\read\read\STemWin\Lib/STemWin522_CM4_GCC.a(GUIDRV_FlexColor.o)
 .text._Log2PhysY_X1Y0S1
                0x08003620        0x4 F:\f1\AC6\workspace\project\read\read\STemWin\Lib/STemWin522_CM4_GCC.a(GUIDRV_FlexColor.o)
 .text._Log2PhysY_X0Y1S1
                0x08003624        0x8 F:\f1\AC6\workspace\project\read\read\STemWin\Lib/STemWin522_CM4_GCC.a(GUIDRV_FlexColor.o)
 .text._Log2PhysY_X1Y1S1
                0x0800362c        0x8 F:\f1\AC6\workspace\project\read\read\STemWin\Lib/STemWin522_CM4_GCC.a(GUIDRV_FlexColor.o)
 .text._SetPixelIndex
                0x08003634        0xc F:\f1\AC6\workspace\project\read\read\STemWin\Lib/STemWin522_CM4_GCC.a(GUIDRV_FlexColor.o)
 .text._GetPixelIndex
                0x08003640        0xc F:\f1\AC6\workspace\project\read\read\STemWin\Lib/STemWin522_CM4_GCC.a(GUIDRV_FlexColor.o)
 .text._XorPixel
                0x0800364c       0x26 F:\f1\AC6\workspace\project\read\read\STemWin\Lib/STemWin522_CM4_GCC.a(GUIDRV_FlexColor.o)
 .text._DrawHLine
                0x08003672        0xe F:\f1\AC6\workspace\project\read\read\STemWin\Lib/STemWin522_CM4_GCC.a(GUIDRV_FlexColor.o)
 .text._DrawVLine
                0x08003680       0x10 F:\f1\AC6\workspace\project\read\read\STemWin\Lib/STemWin522_CM4_GCC.a(GUIDRV_FlexColor.o)
 .text._FillRect
                0x08003690       0x10 F:\f1\AC6\workspace\project\read\read\STemWin\Lib/STemWin522_CM4_GCC.a(GUIDRV_FlexColor.o)
 .text._DrawBitmap
                0x080036a0       0x28 F:\f1\AC6\workspace\project\read\read\STemWin\Lib/STemWin522_CM4_GCC.a(GUIDRV_FlexColor.o)
 .text._SetOrg  0x080036c8        0x2 F:\f1\AC6\workspace\project\read\read\STemWin\Lib/STemWin522_CM4_GCC.a(GUIDRV_FlexColor.o)
 .text._GetDevFunc_SetRect
                0x080036ca        0x2 F:\f1\AC6\workspace\project\read\read\STemWin\Lib/STemWin522_CM4_GCC.a(GUIDRV_FlexColor.o)
 .text._GetDevFunc_SetRectOutside
                0x080036cc       0x3c F:\f1\AC6\workspace\project\read\read\STemWin\Lib/STemWin522_CM4_GCC.a(GUIDRV_FlexColor.o)
 .text._ReadPixelCust_16bpp
                0x08003708        0xe F:\f1\AC6\workspace\project\read\read\STemWin\Lib/STemWin522_CM4_GCC.a(GUIDRV_FlexColor.o)
 .text._ReadPixelCust_18bpp
                0x08003716        0xe F:\f1\AC6\workspace\project\read\read\STemWin\Lib/STemWin522_CM4_GCC.a(GUIDRV_FlexColor.o)
 .text._ReadRectCust_16bpp
                0x08003724       0x38 F:\f1\AC6\workspace\project\read\read\STemWin\Lib/STemWin522_CM4_GCC.a(GUIDRV_FlexColor.o)
 .text._ReadRectCust_18bpp
                0x0800375c       0x38 F:\f1\AC6\workspace\project\read\read\STemWin\Lib/STemWin522_CM4_GCC.a(GUIDRV_FlexColor.o)
 .text._GetDevFunc
                0x08003794       0x6c F:\f1\AC6\workspace\project\read\read\STemWin\Lib/STemWin522_CM4_GCC.a(GUIDRV_FlexColor.o)
 .text._GetDevProp
                0x08003800       0x60 F:\f1\AC6\workspace\project\read\read\STemWin\Lib/STemWin522_CM4_GCC.a(GUIDRV_FlexColor.o)
 .text._GetDevData
                0x08003860        0xc F:\f1\AC6\workspace\project\read\read\STemWin\Lib/STemWin522_CM4_GCC.a(GUIDRV_FlexColor.o)
 .text._GetRect
                0x0800386c       0x16 F:\f1\AC6\workspace\project\read\read\STemWin\Lib/STemWin522_CM4_GCC.a(GUIDRV_FlexColor.o)
 *fill*         0x08003882        0x2 
 .text.GUIDRV_FlexColor__SetLog2Phys
                0x08003884       0x48 F:\f1\AC6\workspace\project\read\read\STemWin\Lib/STemWin522_CM4_GCC.a(GUIDRV_FlexColor.o)
                0x08003884                GUIDRV_FlexColor__SetLog2Phys
 .text.GUIDRV_FlexColor__SetPixelIndexNoCache
                0x080038cc       0x94 F:\f1\AC6\workspace\project\read\read\STemWin\Lib/STemWin522_CM4_GCC.a(GUIDRV_FlexColor.o)
                0x080038cc                GUIDRV_FlexColor__SetPixelIndexNoCache
 .text.GUIDRV_FlexColor__GetPixelIndexNoCache
                0x08003960       0xb6 F:\f1\AC6\workspace\project\read\read\STemWin\Lib/STemWin522_CM4_GCC.a(GUIDRV_FlexColor.o)
                0x08003960                GUIDRV_FlexColor__GetPixelIndexNoCache
 *fill*         0x08003a16        0x2 
 .text.GUIDRV_FlexColor__InitOnce
                0x08003a18       0x34 F:\f1\AC6\workspace\project\read\read\STemWin\Lib/STemWin522_CM4_GCC.a(GUIDRV_FlexColor.o)
                0x08003a18                GUIDRV_FlexColor__InitOnce
 .text._SetDevFunc
                0x08003a4c       0x9c F:\f1\AC6\workspace\project\read\read\STemWin\Lib/STemWin522_CM4_GCC.a(GUIDRV_FlexColor.o)
 .text._GetDevFunc_Init
                0x08003ae8       0x4a F:\f1\AC6\workspace\project\read\read\STemWin\Lib/STemWin522_CM4_GCC.a(GUIDRV_FlexColor.o)
 .text._GetDevFunc_SetSize
                0x08003b32       0x14 F:\f1\AC6\workspace\project\read\read\STemWin\Lib/STemWin522_CM4_GCC.a(GUIDRV_FlexColor.o)
 .text._GetDevFunc_SetVSize
                0x08003b46       0x14 F:\f1\AC6\workspace\project\read\read\STemWin\Lib/STemWin522_CM4_GCC.a(GUIDRV_FlexColor.o)
 .text.GUIDRV_FlexColor_Config
                0x08003b5a       0x3c F:\f1\AC6\workspace\project\read\read\STemWin\Lib/STemWin522_CM4_GCC.a(GUIDRV_FlexColor.o)
                0x08003b5a                GUIDRV_FlexColor_Config
 .text.GUIDRV_FlexColor_SetFunc
                0x08003b96       0x32 F:\f1\AC6\workspace\project\read\read\STemWin\Lib/STemWin522_CM4_GCC.a(GUIDRV_FlexColor.o)
                0x08003b96                GUIDRV_FlexColor_SetFunc
 .text.LCD_SetVSizeEx
                0x08003bc8       0x2e F:\f1\AC6\workspace\project\read\read\STemWin\Lib/STemWin522_CM4_GCC.a(LCD_Set.o)
                0x08003bc8                LCD_SetVSizeEx
 .text.LCD_SetSizeEx
                0x08003bf6       0x2e F:\f1\AC6\workspace\project\read\read\STemWin\Lib/STemWin522_CM4_GCC.a(LCD_Set.o)
                0x08003bf6                LCD_SetSizeEx
 .text.LCD_SetLUTEntryEx
                0x08003c24       0x2e F:\f1\AC6\workspace\project\read\read\STemWin\Lib/STemWin522_CM4_GCC.a(LCD_Set.o)
                0x08003c24                LCD_SetLUTEntryEx
 .text.GUI__memset16
                0x08003c52       0x5a F:\f1\AC6\workspace\project\read\read\STemWin\Lib/STemWin522_CM4_GCC.a(GUI__memset16.o)
                0x08003c52                GUI__memset16
 .text.GUI__memset
                0x08003cac       0x54 F:\f1\AC6\workspace\project\read\read\STemWin\Lib/STemWin522_CM4_GCC.a(GUI__memset.o)
                0x08003cac                GUI__memset
 .text._GetCharCode
                0x08003d00       0x48 F:\f1\AC6\workspace\project\read\read\STemWin\Lib/STemWin522_CM4_GCC.a(GUI_UC_EncodeUTF8.o)
 .text._GetCharSize
                0x08003d48       0x24 F:\f1\AC6\workspace\project\read\read\STemWin\Lib/STemWin522_CM4_GCC.a(GUI_UC_EncodeUTF8.o)
 .text._CalcSizeOfChar
                0x08003d6c       0x1a F:\f1\AC6\workspace\project\read\read\STemWin\Lib/STemWin522_CM4_GCC.a(GUI_UC_EncodeUTF8.o)
 .text._Encode  0x08003d86       0x4e F:\f1\AC6\workspace\project\read\read\STemWin\Lib/STemWin522_CM4_GCC.a(GUI_UC_EncodeUTF8.o)
 .text.GUI_UC_SetEncodeUTF8
                0x08003dd4       0x10 F:\f1\AC6\workspace\project\read\read\STemWin\Lib/STemWin522_CM4_GCC.a(GUI_UC_EncodeUTF8.o)
                0x08003dd4                GUI_UC_SetEncodeUTF8
 .text.GUI_SetFont
                0x08003de4       0x14 F:\f1\AC6\workspace\project\read\read\STemWin\Lib/STemWin522_CM4_GCC.a(GUI_SetFont.o)
                0x08003de4                GUI_SetFont
 .text.GUI_DispString
                0x08003df8      0x110 F:\f1\AC6\workspace\project\read\read\STemWin\Lib/STemWin522_CM4_GCC.a(GUI_DispString.o)
                0x08003df8                GUI_DispString
 .text._UnlinkDevice
                0x08003f08       0x2c F:\f1\AC6\workspace\project\read\read\STemWin\Lib/STemWin522_CM4_GCC.a(GUI_Device.o)
 .text.GUI_DEVICE__GetpDriver
                0x08003f34       0x20 F:\f1\AC6\workspace\project\read\read\STemWin\Lib/STemWin522_CM4_GCC.a(GUI_Device.o)
                0x08003f34                GUI_DEVICE__GetpDriver
 .text.GUI_DEVICE_Delete
                0x08003f54        0x4 F:\f1\AC6\workspace\project\read\read\STemWin\Lib/STemWin522_CM4_GCC.a(GUI_Device.o)
                0x08003f54                GUI_DEVICE_Delete
 .text.GUI_DEVICE_Create
                0x08003f58       0x4c F:\f1\AC6\workspace\project\read\read\STemWin\Lib/STemWin522_CM4_GCC.a(GUI_Device.o)
                0x08003f58                GUI_DEVICE_Create
 .text.GUI_DEVICE_Unlink
                0x08003fa4        0x4 F:\f1\AC6\workspace\project\read\read\STemWin\Lib/STemWin522_CM4_GCC.a(GUI_Device.o)
                0x08003fa4                GUI_DEVICE_Unlink
 .text.GUI_DEVICE_Link
                0x08003fa8       0x70 F:\f1\AC6\workspace\project\read\read\STemWin\Lib/STemWin522_CM4_GCC.a(GUI_Device.o)
                0x08003fa8                GUI_DEVICE_Link
 .text.GUI_DEVICE_CreateAndLink
                0x08004018       0x28 F:\f1\AC6\workspace\project\read\read\STemWin\Lib/STemWin522_CM4_GCC.a(GUI_Device.o)
                0x08004018                GUI_DEVICE_CreateAndLink
 .text._OnExit  0x08004040       0x2c F:\f1\AC6\workspace\project\read\read\STemWin\Lib/STemWin522_CM4_GCC.a(GUI_Core.o)
 .text._InitContext.constprop.0
                0x0800406c       0x84 F:\f1\AC6\workspace\project\read\read\STemWin\Lib/STemWin522_CM4_GCC.a(GUI_Core.o)
 .text.GUI_SetDefaultFont
                0x080040f0        0xc F:\f1\AC6\workspace\project\read\read\STemWin\Lib/STemWin522_CM4_GCC.a(GUI_Core.o)
                0x080040f0                GUI_SetDefaultFont
 .text.GUI_ClearRect
                0x080040fc       0x64 F:\f1\AC6\workspace\project\read\read\STemWin\Lib/STemWin522_CM4_GCC.a(GUI_Core.o)
                0x080040fc                GUI_ClearRect
 .text.GUI_Clear
                0x08004160       0x20 F:\f1\AC6\workspace\project\read\read\STemWin\Lib/STemWin522_CM4_GCC.a(GUI_Core.o)
                0x08004160                GUI_Clear
 .text.GUI__RegisterExit
                0x08004180       0x2c F:\f1\AC6\workspace\project\read\read\STemWin\Lib/STemWin522_CM4_GCC.a(GUI_Core.o)
                0x08004180                GUI__RegisterExit
 .text.GUI__Config
                0x080041ac       0x30 F:\f1\AC6\workspace\project\read\read\STemWin\Lib/STemWin522_CM4_GCC.a(GUI_Core.o)
                0x080041ac                GUI__Config
 .text.GUI_Init
                0x080041dc       0x94 F:\f1\AC6\workspace\project\read\read\STemWin\Lib/STemWin522_CM4_GCC.a(GUI_Core.o)
                0x080041dc                GUI_Init
 .text.GUIPROP__FindChar
                0x08004270       0x14 F:\f1\AC6\workspace\project\read\read\STemWin\Lib/STemWin522_CM4_GCC.a(GUI_CharP.o)
                0x08004270                GUIPROP__FindChar
 .text.GUIPROP_DispChar
                0x08004284       0xec F:\f1\AC6\workspace\project\read\read\STemWin\Lib/STemWin522_CM4_GCC.a(GUI_CharP.o)
                0x08004284                GUIPROP_DispChar
 .text.GUIPROP_GetCharDistX
                0x08004370       0x3c F:\f1\AC6\workspace\project\read\read\STemWin\Lib/STemWin522_CM4_GCC.a(GUI_CharP.o)
                0x08004370                GUIPROP_GetCharDistX
 .text.GUIPROP_GetFontInfo
                0x080043ac        0x6 F:\f1\AC6\workspace\project\read\read\STemWin\Lib/STemWin522_CM4_GCC.a(GUI_CharP.o)
                0x080043ac                GUIPROP_GetFontInfo
 .text.GUIPROP_IsInFont
                0x080043b2       0x10 F:\f1\AC6\workspace\project\read\read\STemWin\Lib/STemWin522_CM4_GCC.a(GUI_CharP.o)
                0x080043b2                GUIPROP_IsInFont
 *fill*         0x080043c2        0x2 
 .text.GUIMONO_DispChar
                0x080043c4      0x150 F:\f1\AC6\workspace\project\read\read\STemWin\Lib/STemWin522_CM4_GCC.a(GUI_CharM.o)
                0x080043c4                GUIMONO_DispChar
 .text.GUIMONO_GetCharDistX
                0x08004514       0x18 F:\f1\AC6\workspace\project\read\read\STemWin\Lib/STemWin522_CM4_GCC.a(GUI_CharM.o)
                0x08004514                GUIMONO_GetCharDistX
 .text.GUIMONO_GetFontInfo
                0x0800452c        0x6 F:\f1\AC6\workspace\project\read\read\STemWin\Lib/STemWin522_CM4_GCC.a(GUI_CharM.o)
                0x0800452c                GUIMONO_GetFontInfo
 .text.GUIMONO_IsInFont
                0x08004532       0x32 F:\f1\AC6\workspace\project\read\read\STemWin\Lib/STemWin522_CM4_GCC.a(GUI_CharM.o)
                0x08004532                GUIMONO_IsInFont
 .text._Log2VisBuffered
                0x08004564        0x2 F:\f1\AC6\workspace\project\read\read\STemWin\Lib/STemWin522_CM4_GCC.a(GUI_CharLine.o)
 *fill*         0x08004566        0x2 
 .text._DispLine
                0x08004568       0x80 F:\f1\AC6\workspace\project\read\read\STemWin\Lib/STemWin522_CM4_GCC.a(GUI_CharLine.o)
 .text.GUI__GetLineNumChars
                0x080045e8       0x38 F:\f1\AC6\workspace\project\read\read\STemWin\Lib/STemWin522_CM4_GCC.a(GUI_CharLine.o)
                0x080045e8                GUI__GetLineNumChars
 .text.GUI__GetOverlap
                0x08004620       0x1c F:\f1\AC6\workspace\project\read\read\STemWin\Lib/STemWin522_CM4_GCC.a(GUI_CharLine.o)
                0x08004620                GUI__GetOverlap
 .text.GUI__GetLineDistX
                0x0800463c       0x5c F:\f1\AC6\workspace\project\read\read\STemWin\Lib/STemWin522_CM4_GCC.a(GUI_CharLine.o)
                0x0800463c                GUI__GetLineDistX
 .text.GUI__DispLine
                0x08004698       0xa8 F:\f1\AC6\workspace\project\read\read\STemWin\Lib/STemWin522_CM4_GCC.a(GUI_CharLine.o)
                0x08004698                GUI__DispLine
 .text.GUI_GetYAdjust
                0x08004740       0x30 F:\f1\AC6\workspace\project\read\read\STemWin\Lib/STemWin522_CM4_GCC.a(GUI_Char.o)
                0x08004740                GUI_GetYAdjust
 .text.GUI_GetFontDistY
                0x08004770       0x10 F:\f1\AC6\workspace\project\read\read\STemWin\Lib/STemWin522_CM4_GCC.a(GUI_Char.o)
                0x08004770                GUI_GetFontDistY
 .text.GUI_GetCharDistX
                0x08004780       0x14 F:\f1\AC6\workspace\project\read\read\STemWin\Lib/STemWin522_CM4_GCC.a(GUI_Char.o)
                0x08004780                GUI_GetCharDistX
 .text.GUI_GetCharDistXEx
                0x08004794       0x14 F:\f1\AC6\workspace\project\read\read\STemWin\Lib/STemWin522_CM4_GCC.a(GUI_Char.o)
                0x08004794                GUI_GetCharDistXEx
 .text._PushFreeBlock
                0x080047a8       0x24 F:\f1\AC6\workspace\project\read\read\STemWin\Lib/STemWin522_CM4_GCC.a(GUI_Alloc.o)
 .text._OnExit  0x080047cc       0x38 F:\f1\AC6\workspace\project\read\read\STemWin\Lib/STemWin522_CM4_GCC.a(GUI_Alloc.o)
 .text._RemoveFreeBlock
                0x08004804       0x3c F:\f1\AC6\workspace\project\read\read\STemWin\Lib/STemWin522_CM4_GCC.a(GUI_Alloc.o)
 .text._AddFreeMemory
                0x08004840       0x8c F:\f1\AC6\workspace\project\read\read\STemWin\Lib/STemWin522_CM4_GCC.a(GUI_Alloc.o)
 .text._RemoveHoles
                0x080048cc       0x90 F:\f1\AC6\workspace\project\read\read\STemWin\Lib/STemWin522_CM4_GCC.a(GUI_Alloc.o)
 .text.GUI_ALLOC_FreeFixedBlock
                0x0800495c       0x14 F:\f1\AC6\workspace\project\read\read\STemWin\Lib/STemWin522_CM4_GCC.a(GUI_Alloc.o)
                0x0800495c                GUI_ALLOC_FreeFixedBlock
 .text.GUI_ALLOC_h2p
                0x08004970       0x14 F:\f1\AC6\workspace\project\read\read\STemWin\Lib/STemWin522_CM4_GCC.a(GUI_Alloc.o)
                0x08004970                GUI_ALLOC_h2p
 .text.GUI_ALLOC_LockH
                0x08004984       0x1c F:\f1\AC6\workspace\project\read\read\STemWin\Lib/STemWin522_CM4_GCC.a(GUI_Alloc.o)
                0x08004984                GUI_ALLOC_LockH
 .text.GUI_ALLOC_UnlockH
                0x080049a0       0x30 F:\f1\AC6\workspace\project\read\read\STemWin\Lib/STemWin522_CM4_GCC.a(GUI_Alloc.o)
                0x080049a0                GUI_ALLOC_UnlockH
 .text.GUI_ALLOC_AssignMemory
                0x080049d0       0x10 F:\f1\AC6\workspace\project\read\read\STemWin\Lib/STemWin522_CM4_GCC.a(GUI_Alloc.o)
                0x080049d0                GUI_ALLOC_AssignMemory
 .text.GUI_ALLOC_Free
                0x080049e0       0x30 F:\f1\AC6\workspace\project\read\read\STemWin\Lib/STemWin522_CM4_GCC.a(GUI_Alloc.o)
                0x080049e0                GUI_ALLOC_Free
 .text._EnlargeBlocks
                0x08004a10       0x9c F:\f1\AC6\workspace\project\read\read\STemWin\Lib/STemWin522_CM4_GCC.a(GUI_Alloc.o)
 .text._InitOnce
                0x08004aac      0x164 F:\f1\AC6\workspace\project\read\read\STemWin\Lib/STemWin522_CM4_GCC.a(GUI_Alloc.o)
 .text.GUI_ALLOC_GetFixedBlock
                0x08004c10       0x9c F:\f1\AC6\workspace\project\read\read\STemWin\Lib/STemWin522_CM4_GCC.a(GUI_Alloc.o)
                0x08004c10                GUI_ALLOC_GetFixedBlock
 .text._Alloc   0x08004cac       0xf0 F:\f1\AC6\workspace\project\read\read\STemWin\Lib/STemWin522_CM4_GCC.a(GUI_Alloc.o)
 .text.GUI_ALLOC_AllocNoInit
                0x08004d9c        0x8 F:\f1\AC6\workspace\project\read\read\STemWin\Lib/STemWin522_CM4_GCC.a(GUI_Alloc.o)
                0x08004d9c                GUI_ALLOC_AllocNoInit
 .text._Color2Index_565
                0x08004da4       0x28 F:\f1\AC6\workspace\project\read\read\STemWin\Lib/STemWin522_CM4_GCC.a(GUICC_565.o)
 .text._GetIndexMask_565
                0x08004dcc        0x6 F:\f1\AC6\workspace\project\read\read\STemWin\Lib/STemWin522_CM4_GCC.a(GUICC_565.o)
 *fill*         0x08004dd2        0x2 
 .text._Color2IndexBulk
                0x08004dd4       0x34 F:\f1\AC6\workspace\project\read\read\STemWin\Lib/STemWin522_CM4_GCC.a(GUICC_565.o)
 .text._Index2ColorBulk
                0x08004e08       0x40 F:\f1\AC6\workspace\project\read\read\STemWin\Lib/STemWin522_CM4_GCC.a(GUICC_565.o)
 .text.WM_GetDesktopWindow
                0x08004e48       0x18 F:\f1\AC6\workspace\project\read\read\STemWin\Lib/STemWin522_CM4_GCC.a(WM_GetDesktopWindow.o)
                0x08004e48                WM_GetDesktopWindow
 .text._OnExit  0x08004e60       0x50 F:\f1\AC6\workspace\project\read\read\STemWin\Lib/STemWin522_CM4_GCC.a(WM.o)
 .text._Findy1  0x08004eb0       0xac F:\f1\AC6\workspace\project\read\read\STemWin\Lib/STemWin522_CM4_GCC.a(WM.o)
 .text._Findx0  0x08004f5c       0x8a F:\f1\AC6\workspace\project\read\read\STemWin\Lib/STemWin522_CM4_GCC.a(WM.o)
 .text._Findx1  0x08004fe6       0x76 F:\f1\AC6\workspace\project\read\read\STemWin\Lib/STemWin522_CM4_GCC.a(WM.o)
 .text.WM__ClipAtParentBorders
                0x0800505c       0x60 F:\f1\AC6\workspace\project\read\read\STemWin\Lib/STemWin522_CM4_GCC.a(WM.o)
                0x0800505c                WM__ClipAtParentBorders
 .text.WM__InsertWindowIntoList
                0x080050bc       0x9c F:\f1\AC6\workspace\project\read\read\STemWin\Lib/STemWin522_CM4_GCC.a(WM.o)
                0x080050bc                WM__InsertWindowIntoList
 .text.WM__Client2Screen
                0x08005158       0x10 F:\f1\AC6\workspace\project\read\read\STemWin\Lib/STemWin522_CM4_GCC.a(WM.o)
                0x08005158                WM__Client2Screen
 .text._SetClipRectUserIntersect
                0x08005168       0x50 F:\f1\AC6\workspace\project\read\read\STemWin\Lib/STemWin522_CM4_GCC.a(WM.o)
 .text.WM__ActivateClipRect
                0x080051b8       0x48 F:\f1\AC6\workspace\project\read\read\STemWin\Lib/STemWin522_CM4_GCC.a(WM.o)
                0x080051b8                WM__ActivateClipRect
 .text.WM__InvalidateDrawAndDescs
                0x08005200       0x42 F:\f1\AC6\workspace\project\read\read\STemWin\Lib/STemWin522_CM4_GCC.a(WM.o)
                0x08005200                WM__InvalidateDrawAndDescs
 .text.WM__RectIsNZ
                0x08005242       0x22 F:\f1\AC6\workspace\project\read\read\STemWin\Lib/STemWin522_CM4_GCC.a(WM.o)
                0x08005242                WM__RectIsNZ
 .text._Invalidate1Abs
                0x08005264       0x88 F:\f1\AC6\workspace\project\read\read\STemWin\Lib/STemWin522_CM4_GCC.a(WM.o)
 .text.WM_InvalidateWindowAndDescsEx
                0x080052ec       0x5c F:\f1\AC6\workspace\project\read\read\STemWin\Lib/STemWin522_CM4_GCC.a(WM.o)
                0x080052ec                WM_InvalidateWindowAndDescsEx
 .text.WM__InvalidateRect
                0x08005348       0x76 F:\f1\AC6\workspace\project\read\read\STemWin\Lib/STemWin522_CM4_GCC.a(WM.o)
                0x08005348                WM__InvalidateRect
 .text.WM__InvalidateRectEx
                0x080053be        0x6 F:\f1\AC6\workspace\project\read\read\STemWin\Lib/STemWin522_CM4_GCC.a(WM.o)
                0x080053be                WM__InvalidateRectEx
 .text.WM__Invalidate1Abs
                0x080053c4        0x6 F:\f1\AC6\workspace\project\read\read\STemWin\Lib/STemWin522_CM4_GCC.a(WM.o)
                0x080053c4                WM__Invalidate1Abs
 .text.WM__SendMsgNoData
                0x080053ca       0x14 F:\f1\AC6\workspace\project\read\read\STemWin\Lib/STemWin522_CM4_GCC.a(WM.o)
                0x080053ca                WM__SendMsgNoData
 .text.WM__GetClientRectWin
                0x080053de       0x18 F:\f1\AC6\workspace\project\read\read\STemWin\Lib/STemWin522_CM4_GCC.a(WM.o)
                0x080053de                WM__GetClientRectWin
 .text.WM_InvalidateRect
                0x080053f6       0x78 F:\f1\AC6\workspace\project\read\read\STemWin\Lib/STemWin522_CM4_GCC.a(WM.o)
                0x080053f6                WM_InvalidateRect
 .text.WM_InvalidateWindow
                0x0800546e        0x6 F:\f1\AC6\workspace\project\read\read\STemWin\Lib/STemWin522_CM4_GCC.a(WM.o)
                0x0800546e                WM_InvalidateWindow
 .text.WM__GetTopLevelLayer
                0x08005474       0x28 F:\f1\AC6\workspace\project\read\read\STemWin\Lib/STemWin522_CM4_GCC.a(WM.o)
                0x08005474                WM__GetTopLevelLayer
 .text.WM__SelectTopLevelLayer
                0x0800549c       0x14 F:\f1\AC6\workspace\project\read\read\STemWin\Lib/STemWin522_CM4_GCC.a(WM.o)
                0x0800549c                WM__SelectTopLevelLayer
 .text.WM_SelectWindow
                0x080054b0       0x40 F:\f1\AC6\workspace\project\read\read\STemWin\Lib/STemWin522_CM4_GCC.a(WM.o)
                0x080054b0                WM_SelectWindow
 .text.WM_CreateWindowAsChild
                0x080054f0      0x160 F:\f1\AC6\workspace\project\read\read\STemWin\Lib/STemWin522_CM4_GCC.a(WM.o)
                0x080054f0                WM_CreateWindowAsChild
 .text.WM__GetNextIVR
                0x08005650      0x180 F:\f1\AC6\workspace\project\read\read\STemWin\Lib/STemWin522_CM4_GCC.a(WM.o)
                0x08005650                WM__GetNextIVR
 .text.WM__InitIVRSearch
                0x080057d0      0x100 F:\f1\AC6\workspace\project\read\read\STemWin\Lib/STemWin522_CM4_GCC.a(WM.o)
                0x080057d0                WM__InitIVRSearch
 .text.WM_Activate
                0x080058d0       0x10 F:\f1\AC6\workspace\project\read\read\STemWin\Lib/STemWin522_CM4_GCC.a(WM.o)
                0x080058d0                WM_Activate
 .text.WM_DefaultProc
                0x080058e0       0x48 F:\f1\AC6\workspace\project\read\read\STemWin\Lib/STemWin522_CM4_GCC.a(WM.o)
                0x080058e0                WM_DefaultProc
 .text.cbBackWin
                0x08005928       0x68 F:\f1\AC6\workspace\project\read\read\STemWin\Lib/STemWin522_CM4_GCC.a(WM.o)
 .text.WM_Init  0x08005990       0xf4 F:\f1\AC6\workspace\project\read\read\STemWin\Lib/STemWin522_CM4_GCC.a(WM.o)
                0x08005990                WM_Init
 .text.GUI_MEMDEV_GetDataPtr
                0x08005a84       0x18 F:\f1\AC6\workspace\project\read\read\STemWin\Lib/STemWin522_CM4_GCC.a(GUIDEV_GetDataPtr.o)
                0x08005a84                GUI_MEMDEV_GetDataPtr
 .text._GetDevData
                0x08005a9c       0x10 F:\f1\AC6\workspace\project\read\read\STemWin\Lib/STemWin522_CM4_GCC.a(GUIDEV_16.o)
 .text._GetDevFunc
                0x08005aac       0x10 F:\f1\AC6\workspace\project\read\read\STemWin\Lib/STemWin522_CM4_GCC.a(GUIDEV_16.o)
 .text._SetOrg  0x08005abc        0xc F:\f1\AC6\workspace\project\read\read\STemWin\Lib/STemWin522_CM4_GCC.a(GUIDEV_16.o)
 .text._GetDevProp
                0x08005ac8        0xc F:\f1\AC6\workspace\project\read\read\STemWin\Lib/STemWin522_CM4_GCC.a(GUIDEV_16.o)
 .text._GetRect
                0x08005ad4       0x30 F:\f1\AC6\workspace\project\read\read\STemWin\Lib/STemWin522_CM4_GCC.a(GUIDEV_16.o)
 .text._XY2PTR  0x08005b04       0x40 F:\f1\AC6\workspace\project\read\read\STemWin\Lib/STemWin522_CM4_GCC.a(GUIDEV_16.o)
 .text._GetPixelIndex
                0x08005b44        0xe F:\f1\AC6\workspace\project\read\read\STemWin\Lib/STemWin522_CM4_GCC.a(GUIDEV_16.o)
 *fill*         0x08005b52        0x2 
 .text._XorPixel
                0x08005b54       0x58 F:\f1\AC6\workspace\project\read\read\STemWin\Lib/STemWin522_CM4_GCC.a(GUIDEV_16.o)
 .text._SetPixelIndex
                0x08005bac       0x4c F:\f1\AC6\workspace\project\read\read\STemWin\Lib/STemWin522_CM4_GCC.a(GUIDEV_16.o)
 .text._DrawVLine
                0x08005bf8       0xb8 F:\f1\AC6\workspace\project\read\read\STemWin\Lib/STemWin522_CM4_GCC.a(GUIDEV_16.o)
 .text._FillRect
                0x08005cb0       0xb0 F:\f1\AC6\workspace\project\read\read\STemWin\Lib/STemWin522_CM4_GCC.a(GUIDEV_16.o)
 .text._DrawHLine
                0x08005d60        0xa F:\f1\AC6\workspace\project\read\read\STemWin\Lib/STemWin522_CM4_GCC.a(GUIDEV_16.o)
 *fill*         0x08005d6a        0x2 
 .text._DrawBitmap
                0x08005d6c      0x720 F:\f1\AC6\workspace\project\read\read\STemWin\Lib/STemWin522_CM4_GCC.a(GUIDEV_16.o)
 .text.GUI_MEMDEV_GetBitsPerPixel
                0x0800648c       0x28 F:\f1\AC6\workspace\project\read\read\STemWin\Lib/STemWin522_CM4_GCC.a(GUIDEV.o)
                0x0800648c                GUI_MEMDEV_GetBitsPerPixel
 .text.GUI_MEMDEV_Delete
                0x080064b4       0x44 F:\f1\AC6\workspace\project\read\read\STemWin\Lib/STemWin522_CM4_GCC.a(GUIDEV.o)
                0x080064b4                GUI_MEMDEV_Delete
 .text.LCD_UpdateColorIndices
                0x080064f8       0x24 F:\f1\AC6\workspace\project\read\read\STemWin\Lib/STemWin522_CM4_GCC.a(LCD_UpdateColorIndices.o)
                0x080064f8                LCD_UpdateColorIndices
 .text.LCD_SetClipRectEx
                0x0800651c       0x30 F:\f1\AC6\workspace\project\read\read\STemWin\Lib/STemWin522_CM4_GCC.a(LCD_SetClipRectEx.o)
                0x0800651c                LCD_SetClipRectEx
 .text._GetDevProp
                0x0800654c       0x1e F:\f1\AC6\workspace\project\read\read\STemWin\Lib/STemWin522_CM4_GCC.a(LCD_GetEx.o)
 .text.LCD_GetBitsPerPixelEx
                0x0800656a        0x6 F:\f1\AC6\workspace\project\read\read\STemWin\Lib/STemWin522_CM4_GCC.a(LCD_GetEx.o)
                0x0800656a                LCD_GetBitsPerPixelEx
 .text.LCD_GetNumColorsEx
                0x08006570        0x6 F:\f1\AC6\workspace\project\read\read\STemWin\Lib/STemWin522_CM4_GCC.a(LCD_GetEx.o)
                0x08006570                LCD_GetNumColorsEx
 *fill*         0x08006576        0x2 
 .text.LCD_GetNumColors
                0x08006578       0x10 F:\f1\AC6\workspace\project\read\read\STemWin\Lib/STemWin522_CM4_GCC.a(LCD_GetEx.o)
                0x08006578                LCD_GetNumColors
 .text.GUI_GetBitsPerPixelEx
                0x08006588       0x18 F:\f1\AC6\workspace\project\read\read\STemWin\Lib/STemWin522_CM4_GCC.a(LCD_GetEx.o)
                0x08006588                GUI_GetBitsPerPixelEx
 .text.LCD_GetPaletteEx
                0x080065a0       0x14 F:\f1\AC6\workspace\project\read\read\STemWin\Lib/STemWin522_CM4_GCC.a(LCD_GetEx.o)
                0x080065a0                LCD_GetPaletteEx
 .text.LCD_GetPalette
                0x080065b4       0x10 F:\f1\AC6\workspace\project\read\read\STemWin\Lib/STemWin522_CM4_GCC.a(LCD_GetEx.o)
                0x080065b4                LCD_GetPalette
 .text.GUI_GetpfIndex2ColorEx
                0x080065c4       0x10 F:\f1\AC6\workspace\project\read\read\STemWin\Lib/STemWin522_CM4_GCC.a(LCD_GetEx.o)
                0x080065c4                GUI_GetpfIndex2ColorEx
 .text.GUI_GetpfColor2IndexEx
                0x080065d4       0x10 F:\f1\AC6\workspace\project\read\read\STemWin\Lib/STemWin522_CM4_GCC.a(LCD_GetEx.o)
                0x080065d4                GUI_GetpfColor2IndexEx
 .text.LCD__GetBPP
                0x080065e4       0x82 F:\f1\AC6\workspace\project\read\read\STemWin\Lib/STemWin522_CM4_GCC.a(LCD_GetEx.o)
                0x080065e4                LCD__GetBPP
 .text.LCD__GetBPPDevice
                0x08006666       0x2c F:\f1\AC6\workspace\project\read\read\STemWin\Lib/STemWin522_CM4_GCC.a(LCD_GetEx.o)
                0x08006666                LCD__GetBPPDevice
 *fill*         0x08006692        0x2 
 .text._OnExit  0x08006694       0x14 F:\f1\AC6\workspace\project\read\read\STemWin\Lib/STemWin522_CM4_GCC.a(LCD_Color.o)
 .text.LCD_InitColors
                0x080066a8       0x38 F:\f1\AC6\workspace\project\read\read\STemWin\Lib/STemWin522_CM4_GCC.a(LCD_Color.o)
                0x080066a8                LCD_InitColors
 .text.LCD_InitLUT
                0x080066e0       0x74 F:\f1\AC6\workspace\project\read\read\STemWin\Lib/STemWin522_CM4_GCC.a(LCD_Color.o)
                0x080066e0                LCD_InitLUT
 .text._SetDrawMode
                0x08006754       0x28 F:\f1\AC6\workspace\project\read\read\STemWin\Lib/STemWin522_CM4_GCC.a(LCD.o)
 .text.LCD_SetDrawMode
                0x0800677c       0x10 F:\f1\AC6\workspace\project\read\read\STemWin\Lib/STemWin522_CM4_GCC.a(LCD.o)
                0x0800677c                LCD_SetDrawMode
 .text.LCD_DrawPixel
                0x0800678c       0x5c F:\f1\AC6\workspace\project\read\read\STemWin\Lib/STemWin522_CM4_GCC.a(LCD.o)
                0x0800678c                LCD_DrawPixel
 .text.LCD_DrawHLine
                0x080067e8       0x4c F:\f1\AC6\workspace\project\read\read\STemWin\Lib/STemWin522_CM4_GCC.a(LCD.o)
                0x080067e8                LCD_DrawHLine
 .text.LCD_FillRect
                0x08006834       0x54 F:\f1\AC6\workspace\project\read\read\STemWin\Lib/STemWin522_CM4_GCC.a(LCD.o)
                0x08006834                LCD_FillRect
 .text.LCD__DrawBitmap_1bpp
                0x08006888      0x1b8 F:\f1\AC6\workspace\project\read\read\STemWin\Lib/STemWin522_CM4_GCC.a(LCD.o)
                0x08006888                LCD__DrawBitmap_1bpp
 .text.LCD_DrawBitmap
                0x08006a40      0x21c F:\f1\AC6\workspace\project\read\read\STemWin\Lib/STemWin522_CM4_GCC.a(LCD.o)
                0x08006a40                LCD_DrawBitmap
 .text.LCD_SetClipRectMax
                0x08006c5c       0x20 F:\f1\AC6\workspace\project\read\read\STemWin\Lib/STemWin522_CM4_GCC.a(LCD.o)
                0x08006c5c                LCD_SetClipRectMax
 .text.emWin_LCD_Init
                0x08006c7c       0x8e F:\f1\AC6\workspace\project\read\read\STemWin\Lib/STemWin522_CM4_GCC.a(LCD.o)
                0x08006c7c                emWin_LCD_Init
 *fill*         0x08006d0a        0x2 
 .text.LCD_Color2Index
                0x08006d0c       0x20 F:\f1\AC6\workspace\project\read\read\STemWin\Lib/STemWin522_CM4_GCC.a(LCD.o)
                0x08006d0c                LCD_Color2Index
 .text.LCD_Index2Color
                0x08006d2c       0x20 F:\f1\AC6\workspace\project\read\read\STemWin\Lib/STemWin522_CM4_GCC.a(LCD.o)
                0x08006d2c                LCD_Index2Color
 .text.LCD_SetColorIndex
                0x08006d4c       0x1c F:\f1\AC6\workspace\project\read\read\STemWin\Lib/STemWin522_CM4_GCC.a(LCD.o)
                0x08006d4c                LCD_SetColorIndex
 .text._SetColor
                0x08006d68       0x20 F:\f1\AC6\workspace\project\read\read\STemWin\Lib/STemWin522_CM4_GCC.a(LCD.o)
 .text.LCD_SetBkColorIndex
                0x08006d88       0x1c F:\f1\AC6\workspace\project\read\read\STemWin\Lib/STemWin522_CM4_GCC.a(LCD.o)
                0x08006d88                LCD_SetBkColorIndex
 .text._SetBkColor
                0x08006da4       0x20 F:\f1\AC6\workspace\project\read\read\STemWin\Lib/STemWin522_CM4_GCC.a(LCD.o)
 .text.LCD_SetBkColor
                0x08006dc4       0x10 F:\f1\AC6\workspace\project\read\read\STemWin\Lib/STemWin522_CM4_GCC.a(LCD.o)
                0x08006dc4                LCD_SetBkColor
 .text.LCD_SetColor
                0x08006dd4       0x10 F:\f1\AC6\workspace\project\read\read\STemWin\Lib/STemWin522_CM4_GCC.a(LCD.o)
                0x08006dd4                LCD_SetColor
 .text.GUI__ManageCacheEx
                0x08006de4       0xc0 F:\f1\AC6\workspace\project\read\read\STemWin\Lib/STemWin522_CM4_GCC.a(GUI__ManageCache.o)
                0x08006de4                GUI__ManageCacheEx
 .text.GUI__ManageCache
                0x08006ea4       0x10 F:\f1\AC6\workspace\project\read\read\STemWin\Lib/STemWin522_CM4_GCC.a(GUI__ManageCache.o)
                0x08006ea4                GUI__ManageCache
 .text.GUI__IntersectRects
                0x08006eb4       0x64 F:\f1\AC6\workspace\project\read\read\STemWin\Lib/STemWin522_CM4_GCC.a(GUI__IntersectRects.o)
                0x08006eb4                GUI__IntersectRects
 .text.GUI__IntersectRect
                0x08006f18       0x3c F:\f1\AC6\workspace\project\read\read\STemWin\Lib/STemWin522_CM4_GCC.a(GUI__IntersectRect.o)
                0x08006f18                GUI__IntersectRect
 .text.GUI_SignalEvent
                0x08006f54       0x10 F:\f1\AC6\workspace\project\read\read\STemWin\Lib/STemWin522_CM4_GCC.a(GUI_WaitEvent.o)
                0x08006f54                GUI_SignalEvent
 .text._GetCharCode
                0x08006f64        0x4 F:\f1\AC6\workspace\project\read\read\STemWin\Lib/STemWin522_CM4_GCC.a(GUI_UC_EncodeNone.o)
 .text._GetCharSize
                0x08006f68        0x4 F:\f1\AC6\workspace\project\read\read\STemWin\Lib/STemWin522_CM4_GCC.a(GUI_UC_EncodeNone.o)
 .text._CalcSizeOfChar
                0x08006f6c        0x4 F:\f1\AC6\workspace\project\read\read\STemWin\Lib/STemWin522_CM4_GCC.a(GUI_UC_EncodeNone.o)
 .text._Encode  0x08006f70        0x6 F:\f1\AC6\workspace\project\read\read\STemWin\Lib/STemWin522_CM4_GCC.a(GUI_UC_EncodeNone.o)
 *fill*         0x08006f76        0x2 
 .text.GUI_UC__GetCharCodeInc
                0x08006f78       0x28 F:\f1\AC6\workspace\project\read\read\STemWin\Lib/STemWin522_CM4_GCC.a(GUI_UC.o)
                0x08006f78                GUI_UC__GetCharCodeInc
 .text.GUI_UC__NumChars2NumBytes
                0x08006fa0       0x24 F:\f1\AC6\workspace\project\read\read\STemWin\Lib/STemWin522_CM4_GCC.a(GUI_UC.o)
                0x08006fa0                GUI_UC__NumChars2NumBytes
 .text.GUI_SetOrg
                0x08006fc4       0x34 F:\f1\AC6\workspace\project\read\read\STemWin\Lib/STemWin522_CM4_GCC.a(GUI_SetOrg.o)
                0x08006fc4                GUI_SetOrg
 .text.GUI_SetBkColor
                0x08006ff8        0x4 F:\f1\AC6\workspace\project\read\read\STemWin\Lib/STemWin522_CM4_GCC.a(GUI_SetColor.o)
                0x08006ff8                GUI_SetBkColor
 .text.GUI_SetColor
                0x08006ffc        0x4 F:\f1\AC6\workspace\project\read\read\STemWin\Lib/STemWin522_CM4_GCC.a(GUI_SetColor.o)
                0x08006ffc                GUI_SetColor
 .text.GUI_SelectLayer
                0x08007000       0x24 F:\f1\AC6\workspace\project\read\read\STemWin\Lib/STemWin522_CM4_GCC.a(GUI_SelectLayer.o)
                0x08007000                GUI_SelectLayer
 .text.GUI_SelectLCD
                0x08007024       0x12 F:\f1\AC6\workspace\project\read\read\STemWin\Lib/STemWin522_CM4_GCC.a(GUI_SelectLCD.o)
                0x08007024                GUI_SelectLCD
 .text.GUI_RectsIntersect
                0x08007036       0x3a F:\f1\AC6\workspace\project\read\read\STemWin\Lib/STemWin522_CM4_GCC.a(GUI_RectsIntersect.o)
                0x08007036                GUI_RectsIntersect
 .text.GUI_StoreKey
                0x08007070       0x10 F:\f1\AC6\workspace\project\read\read\STemWin\Lib/STemWin522_CM4_GCC.a(GUI_OnKey.o)
                0x08007070                GUI_StoreKey
 .text.GUI_MoveRect
                0x08007080       0x20 F:\f1\AC6\workspace\project\read\read\STemWin\Lib/STemWin522_CM4_GCC.a(GUI_MoveRect.o)
                0x08007080                GUI_MoveRect
 .text.GUI_MergeRect
                0x080070a0       0x56 F:\f1\AC6\workspace\project\read\read\STemWin\Lib/STemWin522_CM4_GCC.a(GUI_MergeRect.o)
                0x080070a0                GUI_MergeRect
 *fill*         0x080070f6        0x2 
 .text.GUI_GotoXY
                0x080070f8       0x10 F:\f1\AC6\workspace\project\read\read\STemWin\Lib/STemWin522_CM4_GCC.a(GUI_Goto.o)
                0x080070f8                GUI_GotoXY
 .text.GUI_GetBkColor
                0x08007108        0xe F:\f1\AC6\workspace\project\read\read\STemWin\Lib/STemWin522_CM4_GCC.a(GUI_GetColor.o)
                0x08007108                GUI_GetBkColor
 .text.GUI_GetColor
                0x08007116        0xe F:\f1\AC6\workspace\project\read\read\STemWin\Lib/STemWin522_CM4_GCC.a(GUI_GetColor.o)
                0x08007116                GUI_GetColor
 .text.GUI_ALLOC_AllocZero
                0x08007124       0x28 F:\f1\AC6\workspace\project\read\read\STemWin\Lib/STemWin522_CM4_GCC.a(GUI_ALLOC_AllocZero.o)
                0x08007124                GUI_ALLOC_AllocZero
 .text.LCD_Index2Color_565
                0x0800714c       0x28 F:\f1\AC6\workspace\project\read\read\STemWin\Lib/STemWin522_CM4_GCC.a(GUICC_565_Index2Color.o)
                0x0800714c                LCD_Index2Color_565
 .text._GetIndexMask_0
                0x08007174       0x52 F:\f1\AC6\workspace\project\read\read\STemWin\Lib/STemWin522_CM4_GCC.a(GUICC_0.o)
 .text._Index2Color_0
                0x080071c6       0x1e F:\f1\AC6\workspace\project\read\read\STemWin\Lib/STemWin522_CM4_GCC.a(GUICC_0.o)
 .text._Color2Index_0
                0x080071e4       0x50 F:\f1\AC6\workspace\project\read\read\STemWin\Lib/STemWin522_CM4_GCC.a(GUICC_0.o)
 .text.WM__SendMessage
                0x08007234       0x3c F:\f1\AC6\workspace\project\read\read\STemWin\Lib/STemWin522_CM4_GCC.a(WM__SendMessage.o)
                0x08007234                WM__SendMessage
 .text.WM_SendToParent
                0x08007270       0x1c F:\f1\AC6\workspace\project\read\read\STemWin\Lib/STemWin522_CM4_GCC.a(WM_SendToParent.o)
                0x08007270                WM_SendToParent
 .text.WM_GetParent
                0x0800728c       0x10 F:\f1\AC6\workspace\project\read\read\STemWin\Lib/STemWin522_CM4_GCC.a(WM_GetParent.o)
                0x0800728c                WM_GetParent
 .text.WM_GetFirstChild
                0x0800729c       0x10 F:\f1\AC6\workspace\project\read\read\STemWin\Lib/STemWin522_CM4_GCC.a(WM_GetFirstChild.o)
                0x0800729c                WM_GetFirstChild
 .text.WM__GetClientRectEx
                0x080072ac       0x20 F:\f1\AC6\workspace\project\read\read\STemWin\Lib/STemWin522_CM4_GCC.a(WM_GetClientRect.o)
                0x080072ac                WM__GetClientRectEx
 .text.WM__AddCriticalHandle
                0x080072cc       0x10 F:\f1\AC6\workspace\project\read\read\STemWin\Lib/STemWin522_CM4_GCC.a(WM_CriticalHandle.o)
                0x080072cc                WM__AddCriticalHandle
 .text.WM_BringToBottom
                0x080072dc       0x88 F:\f1\AC6\workspace\project\read\read\STemWin\Lib/STemWin522_CM4_GCC.a(WM_BringToBottom.o)
                0x080072dc                WM_BringToBottom
 .text._Convert16
                0x08007364       0x3e F:\f1\AC6\workspace\project\read\read\STemWin\Lib/STemWin522_CM4_GCC.a(GUIDEV_WriteToActiveOpaque.o)
 *fill*         0x080073a2        0x2 
 .text.GUI_MEMDEV__WriteToActiveOpaque
                0x080073a4      0x64c F:\f1\AC6\workspace\project\read\read\STemWin\Lib/STemWin522_CM4_GCC.a(GUIDEV_WriteToActiveOpaque.o)
                0x080073a4                GUI_MEMDEV__WriteToActiveOpaque
 .text.GUI_USAGE_DecUseCnt
                0x080079f0       0x26 F:\f1\AC6\workspace\project\read\read\STemWin\Lib/STemWin522_CM4_GCC.a(GUIDEV_Usage.o)
                0x080079f0                GUI_USAGE_DecUseCnt
 .text.GUI_USAGE_AddRect
                0x08007a16       0x28 F:\f1\AC6\workspace\project\read\read\STemWin\Lib/STemWin522_CM4_GCC.a(GUIDEV_Usage.o)
                0x08007a16                GUI_USAGE_AddRect
 *fill*         0x08007a3e        0x2 
 .text.LCD_SelectLCD
                0x08007a40       0x40 F:\f1\AC6\workspace\project\read\read\STemWin\Lib/STemWin522_CM4_GCC.a(LCD_SelectLCD.o)
                0x08007a40                LCD_SelectLCD
 .text.LCD_GetNumLayers
                0x08007a80       0x1c F:\f1\AC6\workspace\project\read\read\STemWin\Lib/STemWin522_CM4_GCC.a(LCD_GetNumDisplays.o)
                0x08007a80                LCD_GetNumLayers
 .text.LCD_GetBkColorIndex
                0x08007a9c       0x10 F:\f1\AC6\workspace\project\read\read\STemWin\Lib/STemWin522_CM4_GCC.a(LCD_GetColorIndex.o)
                0x08007a9c                LCD_GetBkColorIndex
 .text.LCD_GetColorIndex
                0x08007aac       0x10 F:\f1\AC6\workspace\project\read\read\STemWin\Lib/STemWin522_CM4_GCC.a(LCD_GetColorIndex.o)
                0x08007aac                LCD_GetColorIndex
 .text.GUI__CompactPixelIndices
                0x08007abc      0x142 F:\f1\AC6\workspace\project\read\read\STemWin\Lib/STemWin522_CM4_GCC.a(GUI__CompactPixelIndices.o)
                0x08007abc                GUI__CompactPixelIndices
 .text.GUI_CalcColorDist
                0x08007bfe       0x4c F:\f1\AC6\workspace\project\read\read\STemWin\Lib/STemWin522_CM4_GCC.a(GUI_CalcColorDist.o)
                0x08007bfe                GUI_CalcColorDist
 .text.WM__GetPrevSibling
                0x08007c4a       0x26 F:\f1\AC6\workspace\project\read\read\STemWin\Lib/STemWin522_CM4_GCC.a(WM__GetPrevSibling.o)
                0x08007c4a                WM__GetPrevSibling
 .text.WM__GetFirstSibling
                0x08007c70       0x12 F:\f1\AC6\workspace\project\read\read\STemWin\Lib/STemWin522_CM4_GCC.a(WM__GetFirstSibling.o)
                0x08007c70                WM__GetFirstSibling
 *fill*         0x08007c82        0x2 
 .text.__libc_init_array
                0x08007c84       0x4c f:/f1/ac6/install/plugins/fr.ac6.mcu.externaltools.arm-none.win32_1.7.0.201602121829/tools/compiler/bin/../lib/gcc/arm-none-eabi/5.2.1/../../../../arm-none-eabi/lib/armv7e-m/fpu\libc_nano.a(lib_a-init.o)
                0x08007c84                __libc_init_array
 .text.memcpy   0x08007cd0       0x16 f:/f1/ac6/install/plugins/fr.ac6.mcu.externaltools.arm-none.win32_1.7.0.201602121829/tools/compiler/bin/../lib/gcc/arm-none-eabi/5.2.1/../../../../arm-none-eabi/lib/armv7e-m/fpu\libc_nano.a(lib_a-memcpy-stub.o)
                0x08007cd0                memcpy
 .text.memmove  0x08007ce6       0x36 f:/f1/ac6/install/plugins/fr.ac6.mcu.externaltools.arm-none.win32_1.7.0.201602121829/tools/compiler/bin/../lib/gcc/arm-none-eabi/5.2.1/../../../../arm-none-eabi/lib/armv7e-m/fpu\libc_nano.a(lib_a-memmove.o)
                0x08007ce6                memmove
 .text.memset   0x08007d1c       0x10 f:/f1/ac6/install/plugins/fr.ac6.mcu.externaltools.arm-none.win32_1.7.0.201602121829/tools/compiler/bin/../lib/gcc/arm-none-eabi/5.2.1/../../../../arm-none-eabi/lib/armv7e-m/fpu\libc_nano.a(lib_a-memset.o)
                0x08007d1c                memset
 .text.printf   0x08007d2c       0x30 f:/f1/ac6/install/plugins/fr.ac6.mcu.externaltools.arm-none.win32_1.7.0.201602121829/tools/compiler/bin/../lib/gcc/arm-none-eabi/5.2.1/../../../../arm-none-eabi/lib/armv7e-m/fpu\libc_nano.a(lib_a-printf.o)
                0x08007d2c                iprintf
                0x08007d2c                printf
 .text._cleanup_r
                0x08007d5c        0xc f:/f1/ac6/install/plugins/fr.ac6.mcu.externaltools.arm-none.win32_1.7.0.201602121829/tools/compiler/bin/../lib/gcc/arm-none-eabi/5.2.1/../../../../arm-none-eabi/lib/armv7e-m/fpu\libc_nano.a(lib_a-findfp.o)
                0x08007d5c                _cleanup_r
 .text.std.isra.0
                0x08007d68       0x48 f:/f1/ac6/install/plugins/fr.ac6.mcu.externaltools.arm-none.win32_1.7.0.201602121829/tools/compiler/bin/../lib/gcc/arm-none-eabi/5.2.1/../../../../arm-none-eabi/lib/armv7e-m/fpu\libc_nano.a(lib_a-findfp.o)
 .text.__sfmoreglue
                0x08007db0       0x2c f:/f1/ac6/install/plugins/fr.ac6.mcu.externaltools.arm-none.win32_1.7.0.201602121829/tools/compiler/bin/../lib/gcc/arm-none-eabi/5.2.1/../../../../arm-none-eabi/lib/armv7e-m/fpu\libc_nano.a(lib_a-findfp.o)
                0x08007db0                __sfmoreglue
 .text.__sinit  0x08007ddc       0x60 f:/f1/ac6/install/plugins/fr.ac6.mcu.externaltools.arm-none.win32_1.7.0.201602121829/tools/compiler/bin/../lib/gcc/arm-none-eabi/5.2.1/../../../../arm-none-eabi/lib/armv7e-m/fpu\libc_nano.a(lib_a-findfp.o)
                0x08007ddc                __sinit
 .text.__sfp    0x08007e3c       0x78 f:/f1/ac6/install/plugins/fr.ac6.mcu.externaltools.arm-none.win32_1.7.0.201602121829/tools/compiler/bin/../lib/gcc/arm-none-eabi/5.2.1/../../../../arm-none-eabi/lib/armv7e-m/fpu\libc_nano.a(lib_a-findfp.o)
                0x08007e3c                __sfp
 .text._fwalk_reent
                0x08007eb4       0x3c f:/f1/ac6/install/plugins/fr.ac6.mcu.externaltools.arm-none.win32_1.7.0.201602121829/tools/compiler/bin/../lib/gcc/arm-none-eabi/5.2.1/../../../../arm-none-eabi/lib/armv7e-m/fpu\libc_nano.a(lib_a-fwalk.o)
                0x08007eb4                _fwalk_reent
 .text._malloc_r
                0x08007ef0       0xa8 f:/f1/ac6/install/plugins/fr.ac6.mcu.externaltools.arm-none.win32_1.7.0.201602121829/tools/compiler/bin/../lib/gcc/arm-none-eabi/5.2.1/../../../../arm-none-eabi/lib/armv7e-m/fpu\libc_nano.a(lib_a-nano-mallocr.o)
                0x08007ef0                _malloc_r
 .text.__sfputc_r
                0x08007f98       0x30 f:/f1/ac6/install/plugins/fr.ac6.mcu.externaltools.arm-none.win32_1.7.0.201602121829/tools/compiler/bin/../lib/gcc/arm-none-eabi/5.2.1/../../../../arm-none-eabi/lib/armv7e-m/fpu\libc_nano.a(lib_a-nano-vfprintf.o)
 .text.__sfputs_r
                0x08007fc8       0x24 f:/f1/ac6/install/plugins/fr.ac6.mcu.externaltools.arm-none.win32_1.7.0.201602121829/tools/compiler/bin/../lib/gcc/arm-none-eabi/5.2.1/../../../../arm-none-eabi/lib/armv7e-m/fpu\libc_nano.a(lib_a-nano-vfprintf.o)
                0x08007fc8                __sfputs_r
 .text._vfprintf_r
                0x08007fec      0x238 f:/f1/ac6/install/plugins/fr.ac6.mcu.externaltools.arm-none.win32_1.7.0.201602121829/tools/compiler/bin/../lib/gcc/arm-none-eabi/5.2.1/../../../../arm-none-eabi/lib/armv7e-m/fpu\libc_nano.a(lib_a-nano-vfprintf.o)
                0x08007fec                _vfprintf_r
                0x08007fec                _vfiprintf_r
 .text._printf_common
                0x08008224       0xec f:/f1/ac6/install/plugins/fr.ac6.mcu.externaltools.arm-none.win32_1.7.0.201602121829/tools/compiler/bin/../lib/gcc/arm-none-eabi/5.2.1/../../../../arm-none-eabi/lib/armv7e-m/fpu\libc_nano.a(lib_a-nano-vfprintf_i.o)
                0x08008224                _printf_common
 .text._printf_i
                0x08008310      0x24c f:/f1/ac6/install/plugins/fr.ac6.mcu.externaltools.arm-none.win32_1.7.0.201602121829/tools/compiler/bin/../lib/gcc/arm-none-eabi/5.2.1/../../../../arm-none-eabi/lib/armv7e-m/fpu\libc_nano.a(lib_a-nano-vfprintf_i.o)
                0x08008310                _printf_i
 .text._sbrk_r  0x0800855c       0x20 f:/f1/ac6/install/plugins/fr.ac6.mcu.externaltools.arm-none.win32_1.7.0.201602121829/tools/compiler/bin/../lib/gcc/arm-none-eabi/5.2.1/../../../../arm-none-eabi/lib/armv7e-m/fpu\libc_nano.a(lib_a-sbrkr.o)
                0x0800855c                _sbrk_r
 .text.__sread  0x0800857c       0x22 f:/f1/ac6/install/plugins/fr.ac6.mcu.externaltools.arm-none.win32_1.7.0.201602121829/tools/compiler/bin/../lib/gcc/arm-none-eabi/5.2.1/../../../../arm-none-eabi/lib/armv7e-m/fpu\libc_nano.a(lib_a-stdio.o)
                0x0800857c                __sread
 .text.__swrite
                0x0800859e       0x38 f:/f1/ac6/install/plugins/fr.ac6.mcu.externaltools.arm-none.win32_1.7.0.201602121829/tools/compiler/bin/../lib/gcc/arm-none-eabi/5.2.1/../../../../arm-none-eabi/lib/armv7e-m/fpu\libc_nano.a(lib_a-stdio.o)
                0x0800859e                __swrite
 .text.__sseek  0x080085d6       0x24 f:/f1/ac6/install/plugins/fr.ac6.mcu.externaltools.arm-none.win32_1.7.0.201602121829/tools/compiler/bin/../lib/gcc/arm-none-eabi/5.2.1/../../../../arm-none-eabi/lib/armv7e-m/fpu\libc_nano.a(lib_a-stdio.o)
                0x080085d6                __sseek
 .text.__sclose
                0x080085fa        0x8 f:/f1/ac6/install/plugins/fr.ac6.mcu.externaltools.arm-none.win32_1.7.0.201602121829/tools/compiler/bin/../lib/gcc/arm-none-eabi/5.2.1/../../../../arm-none-eabi/lib/armv7e-m/fpu\libc_nano.a(lib_a-stdio.o)
                0x080085fa                __sclose
 *fill*         0x08008602        0x2 
 .text.__swbuf_r
                0x08008604       0xa8 f:/f1/ac6/install/plugins/fr.ac6.mcu.externaltools.arm-none.win32_1.7.0.201602121829/tools/compiler/bin/../lib/gcc/arm-none-eabi/5.2.1/../../../../arm-none-eabi/lib/armv7e-m/fpu\libc_nano.a(lib_a-wbuf.o)
                0x08008604                __swbuf_r
 .text._write_r
                0x080086ac       0x24 f:/f1/ac6/install/plugins/fr.ac6.mcu.externaltools.arm-none.win32_1.7.0.201602121829/tools/compiler/bin/../lib/gcc/arm-none-eabi/5.2.1/../../../../arm-none-eabi/lib/armv7e-m/fpu\libc_nano.a(lib_a-writer.o)
                0x080086ac                _write_r
 .text.__swsetup_r
                0x080086d0       0xd8 f:/f1/ac6/install/plugins/fr.ac6.mcu.externaltools.arm-none.win32_1.7.0.201602121829/tools/compiler/bin/../lib/gcc/arm-none-eabi/5.2.1/../../../../arm-none-eabi/lib/armv7e-m/fpu\libc_nano.a(lib_a-wsetup.o)
                0x080086d0                __swsetup_r
 .text._close_r
                0x080087a8       0x20 f:/f1/ac6/install/plugins/fr.ac6.mcu.externaltools.arm-none.win32_1.7.0.201602121829/tools/compiler/bin/../lib/gcc/arm-none-eabi/5.2.1/../../../../arm-none-eabi/lib/armv7e-m/fpu\libc_nano.a(lib_a-closer.o)
                0x080087a8                _close_r
 .text.__sflush_r
                0x080087c8      0x110 f:/f1/ac6/install/plugins/fr.ac6.mcu.externaltools.arm-none.win32_1.7.0.201602121829/tools/compiler/bin/../lib/gcc/arm-none-eabi/5.2.1/../../../../arm-none-eabi/lib/armv7e-m/fpu\libc_nano.a(lib_a-fflush.o)
                0x080087c8                __sflush_r
 .text._fflush_r
                0x080088d8       0x54 f:/f1/ac6/install/plugins/fr.ac6.mcu.externaltools.arm-none.win32_1.7.0.201602121829/tools/compiler/bin/../lib/gcc/arm-none-eabi/5.2.1/../../../../arm-none-eabi/lib/armv7e-m/fpu\libc_nano.a(lib_a-fflush.o)
                0x080088d8                _fflush_r
 .text._lseek_r
                0x0800892c       0x24 f:/f1/ac6/install/plugins/fr.ac6.mcu.externaltools.arm-none.win32_1.7.0.201602121829/tools/compiler/bin/../lib/gcc/arm-none-eabi/5.2.1/../../../../arm-none-eabi/lib/armv7e-m/fpu\libc_nano.a(lib_a-lseekr.o)
                0x0800892c                _lseek_r
 .text.__smakebuf_r
                0x08008950       0x9c f:/f1/ac6/install/plugins/fr.ac6.mcu.externaltools.arm-none.win32_1.7.0.201602121829/tools/compiler/bin/../lib/gcc/arm-none-eabi/5.2.1/../../../../arm-none-eabi/lib/armv7e-m/fpu\libc_nano.a(lib_a-makebuf.o)
                0x08008950                __smakebuf_r
 .text._free_r  0x080089ec       0x8c f:/f1/ac6/install/plugins/fr.ac6.mcu.externaltools.arm-none.win32_1.7.0.201602121829/tools/compiler/bin/../lib/gcc/arm-none-eabi/5.2.1/../../../../arm-none-eabi/lib/armv7e-m/fpu\libc_nano.a(lib_a-nano-freer.o)
                0x080089ec                _free_r
 .text._read_r  0x08008a78       0x24 f:/f1/ac6/install/plugins/fr.ac6.mcu.externaltools.arm-none.win32_1.7.0.201602121829/tools/compiler/bin/../lib/gcc/arm-none-eabi/5.2.1/../../../../arm-none-eabi/lib/armv7e-m/fpu\libc_nano.a(lib_a-readr.o)
                0x08008a78                _read_r
 .text._fstat_r
                0x08008a9c       0x24 f:/f1/ac6/install/plugins/fr.ac6.mcu.externaltools.arm-none.win32_1.7.0.201602121829/tools/compiler/bin/../lib/gcc/arm-none-eabi/5.2.1/../../../../arm-none-eabi/lib/armv7e-m/fpu\libc_nano.a(lib_a-fstatr.o)
                0x08008a9c                _fstat_r
 .text._isatty_r
                0x08008ac0       0x20 f:/f1/ac6/install/plugins/fr.ac6.mcu.externaltools.arm-none.win32_1.7.0.201602121829/tools/compiler/bin/../lib/gcc/arm-none-eabi/5.2.1/../../../../arm-none-eabi/lib/armv7e-m/fpu\libc_nano.a(lib_a-isattyr.o)
                0x08008ac0                _isatty_r
 .text._close   0x08008ae0       0x10 f:/f1/ac6/install/plugins/fr.ac6.mcu.externaltools.arm-none.win32_1.7.0.201602121829/tools/compiler/bin/../lib/gcc/arm-none-eabi/5.2.1/../../../../arm-none-eabi/lib/armv7e-m/fpu\libnosys.a(close.o)
                0x08008ae0                _close
 .text._fstat   0x08008af0       0x10 f:/f1/ac6/install/plugins/fr.ac6.mcu.externaltools.arm-none.win32_1.7.0.201602121829/tools/compiler/bin/../lib/gcc/arm-none-eabi/5.2.1/../../../../arm-none-eabi/lib/armv7e-m/fpu\libnosys.a(fstat.o)
                0x08008af0                _fstat
 .text._isatty  0x08008b00       0x10 f:/f1/ac6/install/plugins/fr.ac6.mcu.externaltools.arm-none.win32_1.7.0.201602121829/tools/compiler/bin/../lib/gcc/arm-none-eabi/5.2.1/../../../../arm-none-eabi/lib/armv7e-m/fpu\libnosys.a(isatty.o)
                0x08008b00                _isatty
 .text._lseek   0x08008b10       0x10 f:/f1/ac6/install/plugins/fr.ac6.mcu.externaltools.arm-none.win32_1.7.0.201602121829/tools/compiler/bin/../lib/gcc/arm-none-eabi/5.2.1/../../../../arm-none-eabi/lib/armv7e-m/fpu\libnosys.a(lseek.o)
                0x08008b10                _lseek
 .text._read    0x08008b20       0x10 f:/f1/ac6/install/plugins/fr.ac6.mcu.externaltools.arm-none.win32_1.7.0.201602121829/tools/compiler/bin/../lib/gcc/arm-none-eabi/5.2.1/../../../../arm-none-eabi/lib/armv7e-m/fpu\libnosys.a(read.o)
                0x08008b20                _read
 .text._sbrk    0x08008b30       0x1c f:/f1/ac6/install/plugins/fr.ac6.mcu.externaltools.arm-none.win32_1.7.0.201602121829/tools/compiler/bin/../lib/gcc/arm-none-eabi/5.2.1/../../../../arm-none-eabi/lib/armv7e-m/fpu\libnosys.a(sbrk.o)
                0x08008b30                _sbrk
 .text._write   0x08008b4c       0x10 f:/f1/ac6/install/plugins/fr.ac6.mcu.externaltools.arm-none.win32_1.7.0.201602121829/tools/compiler/bin/../lib/gcc/arm-none-eabi/5.2.1/../../../../arm-none-eabi/lib/armv7e-m/fpu\libnosys.a(write.o)
                0x08008b4c                _write
 *(.glue_7)
 .glue_7        0x08008b5c        0x0 linker stubs
 *(.glue_7t)
 .glue_7t       0x08008b5c        0x0 linker stubs
 *(.eh_frame)
 .eh_frame      0x08008b5c        0x0 f:/f1/ac6/install/plugins/fr.ac6.mcu.externaltools.arm-none.win32_1.7.0.201602121829/tools/compiler/bin/../lib/gcc/arm-none-eabi/5.2.1/armv7e-m/fpu/crtbegin.o
 *(.init)
 .init          0x08008b5c        0x4 f:/f1/ac6/install/plugins/fr.ac6.mcu.externaltools.arm-none.win32_1.7.0.201602121829/tools/compiler/bin/../lib/gcc/arm-none-eabi/5.2.1/armv7e-m/fpu/crti.o
                0x08008b5c                _init
 .init          0x08008b60        0x8 f:/f1/ac6/install/plugins/fr.ac6.mcu.externaltools.arm-none.win32_1.7.0.201602121829/tools/compiler/bin/../lib/gcc/arm-none-eabi/5.2.1/armv7e-m/fpu/crtn.o
 *(.fini)
 .fini          0x08008b68        0x4 f:/f1/ac6/install/plugins/fr.ac6.mcu.externaltools.arm-none.win32_1.7.0.201602121829/tools/compiler/bin/../lib/gcc/arm-none-eabi/5.2.1/armv7e-m/fpu/crti.o
                0x08008b68                _fini
 .fini          0x08008b6c        0x8 f:/f1/ac6/install/plugins/fr.ac6.mcu.externaltools.arm-none.win32_1.7.0.201602121829/tools/compiler/bin/../lib/gcc/arm-none-eabi/5.2.1/armv7e-m/fpu/crtn.o
                0x08008b78                . = ALIGN (0x8)
 *fill*         0x08008b74        0x4 
                0x08008b78                _etext = .

.vfp11_veneer   0x08008b78        0x0
 .vfp11_veneer  0x08008b78        0x0 linker stubs

.v4_bx          0x08008b78        0x0
 .v4_bx         0x08008b78        0x0 linker stubs

.iplt           0x08008b78        0x0
 .iplt          0x08008b78        0x0 f:/f1/ac6/install/plugins/fr.ac6.mcu.externaltools.arm-none.win32_1.7.0.201602121829/tools/compiler/bin/../lib/gcc/arm-none-eabi/5.2.1/armv7e-m/fpu/crtbegin.o

.rodata         0x08008b78     0x1040
                0x08008b78                . = ALIGN (0x8)
 *(.rodata)
 .rodata        0x08008b78       0x22 Src/main.o
 *fill*         0x08008b9a        0x2 
 .rodata        0x08008b9c       0x48 Src/system_stm32l4xx.o
                0x08008b9c                MSIRangeTable
                0x08008bcc                AHBPrescTable
                0x08008bdc                APBPrescTable
 .rodata        0x08008be4      0x35d font/xiudada.o
                0x08008be4                GUI_Fontxiudada
                0x08008c08                GUI_Fontxiudada_Prop1
                0x08008c14                GUI_Fontxiudada_Prop2
                0x08008c20                GUI_Fontxiudada_Prop3
                0x08008c2c                GUI_Fontxiudada_Prop4
                0x08008c38                GUI_Fontxiudada_Prop5
                0x08008c44                GUI_Fontxiudada_Prop6
                0x08008c50                GUI_Fontxiudada_Prop7
                0x08008c5c                GUI_Fontxiudada_Prop8
                0x08008c68                GUI_Fontxiudada_Prop9
                0x08008c74                GUI_Fontxiudada_CharInfo
                0x08008cbc                acGUI_Fontxiudada_9759
                0x08008d04                acGUI_Fontxiudada_7F9E
                0x08008d4c                acGUI_Fontxiudada_7B54
                0x08008d94                acGUI_Fontxiudada_7684
                0x08008ddc                acGUI_Fontxiudada_7470
                0x08008e24                acGUI_Fontxiudada_73AB
                0x08008e6c                acGUI_Fontxiudada_6084
                0x08008eb4                acGUI_Fontxiudada_5F00
                0x08008efc                acGUI_Fontxiudada_5730
 .rodata        0x08008f41        0x8 F:\f1\AC6\workspace\project\read\read\STemWin\Lib/STemWin522_CM4_GCC.a(GUIDRV_FlexColor_Func66709.o)
 *fill*         0x08008f49        0x3 
 .rodata        0x08008f4c       0x40 F:\f1\AC6\workspace\project\read\read\STemWin\Lib/STemWin522_CM4_GCC.a(GUIDRV_FlexColor.o)
 *(.rodata*)
 .rodata.str1.4
                0x08008f8c        0x8 Src/main.o
 .rodata.GUI_F6x8_Mono
                0x08008f94       0x14 F:\f1\AC6\workspace\project\read\read\STemWin\Lib/STemWin522_CM4_GCC.a(F6x8.o)
 .rodata.GUI_Font6x8
                0x08008fa8       0x24 F:\f1\AC6\workspace\project\read\read\STemWin\Lib/STemWin522_CM4_GCC.a(F6x8.o)
                0x08008fa8                GUI_Font6x8
 .rodata.GUI_F6x8_TL8859_1
                0x08008fcc      0x1c0 F:\f1\AC6\workspace\project\read\read\STemWin\Lib/STemWin522_CM4_GCC.a(F6x8.o)
 .rodata.GUI_acFont6x8
                0x0800918c      0x518 F:\f1\AC6\workspace\project\read\read\STemWin\Lib/STemWin522_CM4_GCC.a(F6x8.o)
 .rodata.GUI_F6x8_TI8859_1
                0x080096a4        0x8 F:\f1\AC6\workspace\project\read\read\STemWin\Lib/STemWin522_CM4_GCC.a(F6x8.o)
 .rodata.GUIDRV_FlexColor_API
                0x080096ac       0x34 F:\f1\AC6\workspace\project\read\read\STemWin\Lib/STemWin522_CM4_GCC.a(GUIDRV_FlexColor.o)
                0x080096ac                GUIDRV_FlexColor_API
 .rodata._API_Table
                0x080096e0       0x10 F:\f1\AC6\workspace\project\read\read\STemWin\Lib/STemWin522_CM4_GCC.a(GUI_UC_EncodeUTF8.o)
 .rodata._HL_APIList
                0x080096f0        0x8 F:\f1\AC6\workspace\project\read\read\STemWin\Lib/STemWin522_CM4_GCC.a(GUI_Core.o)
 .rodata.LCD_API_ColorConv_565
                0x080096f8       0x18 F:\f1\AC6\workspace\project\read\read\STemWin\Lib/STemWin522_CM4_GCC.a(GUICC_565.o)
                0x080096f8                LCD_API_ColorConv_565
 .rodata.aID    0x08009710       0x40 F:\f1\AC6\workspace\project\read\read\STemWin\Lib/STemWin522_CM4_GCC.a(GUIDEV_16.o)
 .rodata.GUI_MEMDEV_DEVICE_16
                0x08009750       0x34 F:\f1\AC6\workspace\project\read\read\STemWin\Lib/STemWin522_CM4_GCC.a(GUIDEV_16.o)
                0x08009750                GUI_MEMDEV_DEVICE_16
 .rodata.LCD_aMirror
                0x08009784      0x100 F:\f1\AC6\workspace\project\read\read\STemWin\Lib/STemWin522_CM4_GCC.a(LCD_Mirror.o)
                0x08009784                LCD_aMirror
 .rodata._SetColorAPI
                0x08009884        0xc F:\f1\AC6\workspace\project\read\read\STemWin\Lib/STemWin522_CM4_GCC.a(LCD.o)
 .rodata.GUI__aConvert_63_255
                0x08009890       0x40 F:\f1\AC6\workspace\project\read\read\STemWin\Lib/STemWin522_CM4_GCC.a(GUI__DivTbl_63_255.o)
                0x08009890                GUI__aConvert_63_255
 .rodata.GUI__aConvert_31_255
                0x080098d0       0x20 F:\f1\AC6\workspace\project\read\read\STemWin\Lib/STemWin522_CM4_GCC.a(GUI__DivTbl_31_255.o)
                0x080098d0                GUI__aConvert_31_255
 .rodata.GUI__aConvert_255_63
                0x080098f0      0x100 F:\f1\AC6\workspace\project\read\read\STemWin\Lib/STemWin522_CM4_GCC.a(GUI__DivTbl_255_63.o)
                0x080098f0                GUI__aConvert_255_63
 .rodata.GUI__aConvert_255_31
                0x080099f0      0x100 F:\f1\AC6\workspace\project\read\read\STemWin\Lib/STemWin522_CM4_GCC.a(GUI__DivTbl_255_31.o)
                0x080099f0                GUI__aConvert_255_31
 .rodata.GUI_UC_None
                0x08009af0       0x10 F:\f1\AC6\workspace\project\read\read\STemWin\Lib/STemWin522_CM4_GCC.a(GUI_UC_EncodeNone.o)
                0x08009af0                GUI_UC_None
 .rodata.LCD_API_ColorConv_0
                0x08009b00       0x18 F:\f1\AC6\workspace\project\read\read\STemWin\Lib/STemWin522_CM4_GCC.a(GUICC_0.o)
                0x08009b00                LCD_API_ColorConv_0
 .rodata.str1.1
                0x08009b18        0x2 f:/f1/ac6/install/plugins/fr.ac6.mcu.externaltools.arm-none.win32_1.7.0.201602121829/tools/compiler/bin/../lib/gcc/arm-none-eabi/5.2.1/../../../../arm-none-eabi/lib/armv7e-m/fpu\libc_nano.a(lib_a-impure.o)
 *fill*         0x08009b1a        0x2 
 .rodata._global_impure_ptr
                0x08009b1c        0x4 f:/f1/ac6/install/plugins/fr.ac6.mcu.externaltools.arm-none.win32_1.7.0.201602121829/tools/compiler/bin/../lib/gcc/arm-none-eabi/5.2.1/../../../../arm-none-eabi/lib/armv7e-m/fpu\libc_nano.a(lib_a-impure.o)
                0x08009b1c                _global_impure_ptr
 .rodata.__sf_fake_stdin
                0x08009b20       0x20 f:/f1/ac6/install/plugins/fr.ac6.mcu.externaltools.arm-none.win32_1.7.0.201602121829/tools/compiler/bin/../lib/gcc/arm-none-eabi/5.2.1/../../../../arm-none-eabi/lib/armv7e-m/fpu\libc_nano.a(lib_a-findfp.o)
                0x08009b20                __sf_fake_stdin
 .rodata.__sf_fake_stdout
                0x08009b40       0x20 f:/f1/ac6/install/plugins/fr.ac6.mcu.externaltools.arm-none.win32_1.7.0.201602121829/tools/compiler/bin/../lib/gcc/arm-none-eabi/5.2.1/../../../../arm-none-eabi/lib/armv7e-m/fpu\libc_nano.a(lib_a-findfp.o)
                0x08009b40                __sf_fake_stdout
 .rodata.__sf_fake_stderr
                0x08009b60       0x20 f:/f1/ac6/install/plugins/fr.ac6.mcu.externaltools.arm-none.win32_1.7.0.201602121829/tools/compiler/bin/../lib/gcc/arm-none-eabi/5.2.1/../../../../arm-none-eabi/lib/armv7e-m/fpu\libc_nano.a(lib_a-findfp.o)
                0x08009b60                __sf_fake_stderr
 .rodata.str1.1
                0x08009b80       0x11 f:/f1/ac6/install/plugins/fr.ac6.mcu.externaltools.arm-none.win32_1.7.0.201602121829/tools/compiler/bin/../lib/gcc/arm-none-eabi/5.2.1/../../../../arm-none-eabi/lib/armv7e-m/fpu\libc_nano.a(lib_a-nano-vfprintf.o)
 .rodata.str1.1
                0x08009b91       0x22 f:/f1/ac6/install/plugins/fr.ac6.mcu.externaltools.arm-none.win32_1.7.0.201602121829/tools/compiler/bin/../lib/gcc/arm-none-eabi/5.2.1/../../../../arm-none-eabi/lib/armv7e-m/fpu\libc_nano.a(lib_a-nano-vfprintf_i.o)
                0x08009bb8                . = ALIGN (0x8)
 *fill*         0x08009bb3        0x5 

.ARM.extab      0x08009bb8        0x0
                0x08009bb8                . = ALIGN (0x8)
 *(.ARM.extab* .gnu.linkonce.armextab.*)
                0x08009bb8                . = ALIGN (0x8)

.ARM            0x08009bb8        0x8
                0x08009bb8                . = ALIGN (0x8)
                0x08009bb8                __exidx_start = .
 *(.ARM.exidx*)
 .ARM.exidx     0x08009bb8        0x8 f:/f1/ac6/install/plugins/fr.ac6.mcu.externaltools.arm-none.win32_1.7.0.201602121829/tools/compiler/bin/../lib/gcc/arm-none-eabi/5.2.1/armv7e-m/fpu\libgcc.a(_udivmoddi4.o)
                0x08009bc0                __exidx_end = .
                0x08009bc0                . = ALIGN (0x8)

.rel.dyn        0x08009bc0        0x0
 .rel.iplt      0x08009bc0        0x0 f:/f1/ac6/install/plugins/fr.ac6.mcu.externaltools.arm-none.win32_1.7.0.201602121829/tools/compiler/bin/../lib/gcc/arm-none-eabi/5.2.1/armv7e-m/fpu/crtbegin.o

.preinit_array  0x08009bc0        0x0
                0x08009bc0                . = ALIGN (0x8)
                0x08009bc0                PROVIDE (__preinit_array_start, .)
 *(.preinit_array*)
                0x08009bc0                PROVIDE (__preinit_array_end, .)
                0x08009bc0                . = ALIGN (0x8)

.init_array     0x08009bc0        0x8
                0x08009bc0                . = ALIGN (0x8)
                0x08009bc0                PROVIDE (__init_array_start, .)
 *(SORT(.init_array.*))
 *(.init_array*)
 .init_array    0x08009bc0        0x4 f:/f1/ac6/install/plugins/fr.ac6.mcu.externaltools.arm-none.win32_1.7.0.201602121829/tools/compiler/bin/../lib/gcc/arm-none-eabi/5.2.1/armv7e-m/fpu/crtbegin.o
                0x08009bc4                PROVIDE (__init_array_end, .)
                0x08009bc8                . = ALIGN (0x8)
 *fill*         0x08009bc4        0x4 

.fini_array     0x08009bc8        0x8
                0x08009bc8                . = ALIGN (0x8)
                [!provide]                PROVIDE (__fini_array_start, .)
 *(SORT(.fini_array.*))
 *(.fini_array*)
 .fini_array    0x08009bc8        0x4 f:/f1/ac6/install/plugins/fr.ac6.mcu.externaltools.arm-none.win32_1.7.0.201602121829/tools/compiler/bin/../lib/gcc/arm-none-eabi/5.2.1/armv7e-m/fpu/crtbegin.o
                [!provide]                PROVIDE (__fini_array_end, .)
                0x08009bd0                . = ALIGN (0x8)
 *fill*         0x08009bcc        0x4 
                0x08009bd0                _sidata = LOADADDR (.data)

.data           0x20000000       0x88 load address 0x08009bd0
                0x20000000                . = ALIGN (0x8)
                0x20000000                _sdata = .
 *(.data)
 .data          0x20000000        0x4 Src/system_stm32l4xx.o
                0x20000000                SystemCoreClock
 *(.data*)
 .data._pfReadPixel_16bpp_B16
                0x20000004        0x4 F:\f1\AC6\workspace\project\read\read\STemWin\Lib/STemWin522_CM4_GCC.a(GUIDRV_FlexColor_Func66709.o)
 .data._pfReadRect_16bpp_B16
                0x20000008        0x4 F:\f1\AC6\workspace\project\read\read\STemWin\Lib/STemWin522_CM4_GCC.a(GUIDRV_FlexColor_Func66709.o)
 .data.GUI_pContext